lcd_io_spi.c:667:13:LcdWrite8	16	static
lcd_io_spi.c:676:16:LcdRead8	16	static
lcd_io_spi.c:686:13:LcdCmdWrite8	16	static
lcd_io_spi.c:697:13:LcdWrite16	16	static
lcd_io_spi.c:706:17:LcdRead16	16	static
lcd_io_spi.c:716:13:LcdCmdWrite16	16	static
lcd_io_spi.c:743:13:WaitForDmaEnd	4	static
lcd_io_spi.c:815:6:DMA1_Stream4_IRQHandler	8	static
lcd_io_spi.c:844:6:LCD_IO_WriteMultiData	24	static
lcd_io_spi.c:860:6:LCD_IO_WriteMultiData8	32	static
lcd_io_spi.c:906:6:LCD_IO_WriteMultiData16	32	static
lcd_io_spi.c:1194:6:LCD_IO_Delay	16	static
lcd_io_spi.c:1203:6:LCD_Delay	16	static
lcd_io_spi.c:1209:6:LCD_IO_Bl_OnOff	16	static
lcd_io_spi.c:1220:6:LCD_IO_Init	8	static
lcd_io_spi.c:1357:6:LCD_IO_WriteCmd8	16	static
lcd_io_spi.c:1367:6:LCD_IO_WriteCmd16	16	static
lcd_io_spi.c:1377:6:LCD_IO_WriteData8	16	static
lcd_io_spi.c:1387:6:LCD_IO_WriteData16	16	static
lcd_io_spi.c:1397:6:LCD_IO_WriteCmd8DataFill16	16	static
lcd_io_spi.c:1408:6:LCD_IO_WriteCmd8MultipleData8	24	static
lcd_io_spi.c:1418:6:LCD_IO_WriteCmd8MultipleData16	24	static
lcd_io_spi.c:1429:6:LCD_IO_WriteCmd16DataFill16	16	static
lcd_io_spi.c:1439:6:LCD_IO_WriteCmd16MultipleData8	24	static
lcd_io_spi.c:1450:6:LCD_IO_WriteCmd16MultipleData16	24	static
lcd_io_spi.c:1460:13:LCD_IO_ReadCmd8MultipleData8	24	static
lcd_io_spi.c:1461:13:LCD_IO_ReadCmd8MultipleData16	24	static
lcd_io_spi.c:1462:13:LCD_IO_ReadCmd8MultipleData24to16	24	static
lcd_io_spi.c:1463:13:LCD_IO_ReadCmd16MultipleData8	24	static
lcd_io_spi.c:1464:13:LCD_IO_ReadCmd16MultipleData16	24	static
lcd_io_spi.c:1465:13:LCD_IO_ReadCmd16MultipleData24to16	24	static
