Archive member included to satisfy reference by file (symbol)

..//libarm_cortexM4lf_math.a(arm_const_structs.o)
                              Core/Src/App/audioproc.o (arm_cfft_sR_f32_len256)
..//libarm_cortexM4lf_math.a(arm_common_tables.o)
                              ..//libarm_cortexM4lf_math.a(arm_const_structs.o) (twiddleCoef_rfft_4096)
..//libarm_cortexM4lf_math.a(arm_copy_q15.o)
                              Core/Src/App/audioproc.o (arm_copy_q15)
..//libarm_cortexM4lf_math.a(arm_copy_q7.o)
                              Core/Src/App/test.o (arm_copy_q7)
..//libarm_cortexM4lf_math.a(arm_max_f32.o)
                              Core/Src/App/audioproc.o (arm_max_f32)
..//libarm_cortexM4lf_math.a(arm_cfft_f32.o)
                              Core/Src/App/audioproc.o (arm_cfft_f32)
..//libarm_cortexM4lf_math.a(arm_rfft_init_q31.o)
                              ..//libarm_cortexM4lf_math.a(arm_const_structs.o) (realCoefBQ31)
..//libarm_cortexM4lf_math.a(arm_rfft_init_q15.o)
                              ..//libarm_cortexM4lf_math.a(arm_const_structs.o) (realCoefBQ15)
..//libarm_cortexM4lf_math.a(arm_cmplx_mag_f32.o)
                              Core/Src/App/audioproc.o (arm_cmplx_mag_f32)
..//libarm_cortexM4lf_math.a(arm_bitreversal2.o)
                              ..//libarm_cortexM4lf_math.a(arm_cfft_f32.o) (arm_bitreversal_32)
..//libarm_cortexM4lf_math.a(arm_cfft_radix8_f32.o)
                              ..//libarm_cortexM4lf_math.a(arm_cfft_f32.o) (arm_radix8_butterfly_f32)
/Applications/STM32CubeIDE.app/Contents/Eclipse/plugins/com.st.stm32cube.ide.mcu.externaltools.gnu-tools-for-stm32.7-2018-q2-update.macos64_1.0.0.201904181610/tools/bin/../lib/gcc/arm-none-eabi/7.3.1/../../../../arm-none-eabi/lib/thumb/v7e-m/fpv4-sp/hard/libm.a(lib_a-wf_sqrt.o)
                              ..//libarm_cortexM4lf_math.a(arm_cmplx_mag_f32.o) (sqrtf)
/Applications/STM32CubeIDE.app/Contents/Eclipse/plugins/com.st.stm32cube.ide.mcu.externaltools.gnu-tools-for-stm32.7-2018-q2-update.macos64_1.0.0.201904181610/tools/bin/../lib/gcc/arm-none-eabi/7.3.1/../../../../arm-none-eabi/lib/thumb/v7e-m/fpv4-sp/hard/libm.a(lib_a-ef_sqrt.o)
                              /Applications/STM32CubeIDE.app/Contents/Eclipse/plugins/com.st.stm32cube.ide.mcu.externaltools.gnu-tools-for-stm32.7-2018-q2-update.macos64_1.0.0.201904181610/tools/bin/../lib/gcc/arm-none-eabi/7.3.1/../../../../arm-none-eabi/lib/thumb/v7e-m/fpv4-sp/hard/libm.a(lib_a-wf_sqrt.o) (__ieee754_sqrtf)
/Applications/STM32CubeIDE.app/Contents/Eclipse/plugins/com.st.stm32cube.ide.mcu.externaltools.gnu-tools-for-stm32.7-2018-q2-update.macos64_1.0.0.201904181610/tools/bin/../lib/gcc/arm-none-eabi/7.3.1/../../../../arm-none-eabi/lib/thumb/v7e-m/fpv4-sp/hard/libm.a(lib_a-s_lib_ver.o)
                              /Applications/STM32CubeIDE.app/Contents/Eclipse/plugins/com.st.stm32cube.ide.mcu.externaltools.gnu-tools-for-stm32.7-2018-q2-update.macos64_1.0.0.201904181610/tools/bin/../lib/gcc/arm-none-eabi/7.3.1/../../../../arm-none-eabi/lib/thumb/v7e-m/fpv4-sp/hard/libm.a(lib_a-wf_sqrt.o) (__fdlib_version)
/Applications/STM32CubeIDE.app/Contents/Eclipse/plugins/com.st.stm32cube.ide.mcu.externaltools.gnu-tools-for-stm32.7-2018-q2-update.macos64_1.0.0.201904181610/tools/bin/../lib/gcc/arm-none-eabi/7.3.1/../../../../arm-none-eabi/lib/thumb/v7e-m/fpv4-sp/hard/libm.a(lib_a-s_matherr.o)
                              /Applications/STM32CubeIDE.app/Contents/Eclipse/plugins/com.st.stm32cube.ide.mcu.externaltools.gnu-tools-for-stm32.7-2018-q2-update.macos64_1.0.0.201904181610/tools/bin/../lib/gcc/arm-none-eabi/7.3.1/../../../../arm-none-eabi/lib/thumb/v7e-m/fpv4-sp/hard/libm.a(lib_a-wf_sqrt.o) (matherr)
/Applications/STM32CubeIDE.app/Contents/Eclipse/plugins/com.st.stm32cube.ide.mcu.externaltools.gnu-tools-for-stm32.7-2018-q2-update.macos64_1.0.0.201904181610/tools/bin/../lib/gcc/arm-none-eabi/7.3.1/../../../../arm-none-eabi/lib/thumb/v7e-m/fpv4-sp/hard/libc_nano.a(lib_a-errno.o)
                              Core/Src/syscalls.o (__errno)
/Applications/STM32CubeIDE.app/Contents/Eclipse/plugins/com.st.stm32cube.ide.mcu.externaltools.gnu-tools-for-stm32.7-2018-q2-update.macos64_1.0.0.201904181610/tools/bin/../lib/gcc/arm-none-eabi/7.3.1/../../../../arm-none-eabi/lib/thumb/v7e-m/fpv4-sp/hard/libc_nano.a(lib_a-exit.o)
                              /Applications/STM32CubeIDE.app/Contents/Eclipse/plugins/com.st.stm32cube.ide.mcu.externaltools.gnu-tools-for-stm32.7-2018-q2-update.macos64_1.0.0.201904181610/tools/bin/../lib/gcc/arm-none-eabi/7.3.1/../../../../arm-none-eabi/lib/thumb/v7e-m/fpv4-sp/hard/crt0.o (exit)
/Applications/STM32CubeIDE.app/Contents/Eclipse/plugins/com.st.stm32cube.ide.mcu.externaltools.gnu-tools-for-stm32.7-2018-q2-update.macos64_1.0.0.201904181610/tools/bin/../lib/gcc/arm-none-eabi/7.3.1/../../../../arm-none-eabi/lib/thumb/v7e-m/fpv4-sp/hard/libc_nano.a(lib_a-impure.o)
[...]
Memory Configuration

Name             Origin             Length             Attributes
RAM              0x0000000020000000 0x0000000000020000 xrw
FLASH            0x0000000008000000 0x0000000000080000 xr
*default*        0x0000000000000000 0xffffffffffffffff

Linker script and memory map

LOAD /Applications/STM32CubeIDE.app/Contents/Eclipse/plugins/com.st.stm32cube.ide.mcu.externaltools.gnu-tools-for-stm32.7-2018-q2-update.macos64_1.0.0.201904181610/tools/bin/../lib/gcc/arm-none-eabi/7.3.1/thumb/v7e-m/fpv4-sp/hard/crti.o
LOAD /Applications/STM32CubeIDE.app/Contents/Eclipse/plugins/com.st.stm32cube.ide.mcu.externaltools.gnu-tools-for-stm32.7-2018-q2-update.macos64_1.0.0.201904181610/tools/bin/../lib/gcc/arm-none-eabi/7.3.1/thumb/v7e-m/fpv4-sp/hard/crtbegin.o
LOAD /Applications/STM32CubeIDE.app/Contents/Eclipse/plugins/com.st.stm32cube.ide.mcu.externaltools.gnu-tools-for-stm32.7-2018-q2-update.macos64_1.0.0.201904181610/tools/bin/../lib/gcc/arm-none-eabi/7.3.1/../../../../arm-none-eabi/lib/thumb/v7e-m/fpv4-sp/hard/crt0.o
LOAD Core/Src/App/appLcdSpeedTest.o
LOAD Core/Src/App/audioproc.o
LOAD Core/Src/App/beer_60x100_16.o
LOAD Core/Src/App/test.o
LOAD Core/Src/App/wm8731.o
LOAD Core/Src/Lcd/Fonts/font12.o
LOAD Core/Src/Lcd/Fonts/font16.o
LOAD Core/Src/Lcd/Fonts/font20.o
LOAD Core/Src/Lcd/Fonts/font24.o
LOAD Core/Src/Lcd/Fonts/font8.o
LOAD Core/Src/Lcd/lcd_io_spi.o
LOAD Core/Src/Lcd/st7735.o
LOAD Core/Src/Lcd/stm32_adafruit_lcd.o
LOAD Core/Src/freertos.o
LOAD Core/Src/main.o
LOAD Core/Src/stm32f4xx_hal_msp.o
LOAD Core/Src/stm32f4xx_hal_timebase_tim.o
LOAD Core/Src/stm32f4xx_it.o
LOAD Core/Src/syscalls.o
LOAD Core/Src/sysmem.o
LOAD Core/Src/system_stm32f4xx.o
LOAD Core/Src/w25qxx/w25qxx.o
LOAD Core/Startup/startup_stm32f411ceux.o
LOAD Drivers/STM32F4xx_HAL_Driver/Src/stm32f4xx_hal.o
LOAD Drivers/STM32F4xx_HAL_Driver/Src/stm32f4xx_hal_cortex.o
LOAD Drivers/STM32F4xx_HAL_Driver/Src/stm32f4xx_hal_dma.o
LOAD Drivers/STM32F4xx_HAL_Driver/Src/stm32f4xx_hal_dma_ex.o
LOAD Drivers/STM32F4xx_HAL_Driver/Src/stm32f4xx_hal_exti.o
LOAD Drivers/STM32F4xx_HAL_Driver/Src/stm32f4xx_hal_flash.o
LOAD Drivers/STM32F4xx_HAL_Driver/Src/stm32f4xx_hal_flash_ex.o
LOAD Drivers/STM32F4xx_HAL_Driver/Src/stm32f4xx_hal_flash_ramfunc.o
LOAD Drivers/STM32F4xx_HAL_Driver/Src/stm32f4xx_hal_gpio.o
LOAD Drivers/STM32F4xx_HAL_Driver/Src/stm32f4xx_hal_i2c.o
LOAD Drivers/STM32F4xx_HAL_Driver/Src/stm32f4xx_hal_i2c_ex.o
LOAD Drivers/STM32F4xx_HAL_Driver/Src/stm32f4xx_hal_i2s.o
LOAD Drivers/STM32F4xx_HAL_Driver/Src/stm32f4xx_hal_i2s_ex.o
LOAD Drivers/STM32F4xx_HAL_Driver/Src/stm32f4xx_hal_pwr.o
LOAD Drivers/STM32F4xx_HAL_Driver/Src/stm32f4xx_hal_pwr_ex.o
LOAD Drivers/STM32F4xx_HAL_Driver/Src/stm32f4xx_hal_rcc.o
LOAD Drivers/STM32F4xx_HAL_Driver/Src/stm32f4xx_hal_rcc_ex.o
LOAD Drivers/STM32F4xx_HAL_Driver/Src/stm32f4xx_hal_rtc.o
LOAD Drivers/STM32F4xx_HAL_Driver/Src/stm32f4xx_hal_rtc_ex.o
LOAD Drivers/STM32F4xx_HAL_Driver/Src/stm32f4xx_hal_spi.o
LOAD Drivers/STM32F4xx_HAL_Driver/Src/stm32f4xx_hal_tim.o
LOAD Drivers/STM32F4xx_HAL_Driver/Src/stm32f4xx_hal_tim_ex.o
LOAD Middlewares/Third_Party/FreeRTOS/Source/CMSIS_RTOS/cmsis_os.o
LOAD Middlewares/Third_Party/FreeRTOS/Source/croutine.o
LOAD Middlewares/Third_Party/FreeRTOS/Source/event_groups.o
LOAD Middlewares/Third_Party/FreeRTOS/Source/list.o
LOAD Middlewares/Third_Party/FreeRTOS/Source/queue.o
LOAD Middlewares/Third_Party/FreeRTOS/Source/stream_buffer.o
LOAD Middlewares/Third_Party/FreeRTOS/Source/tasks.o
LOAD Middlewares/Third_Party/FreeRTOS/Source/timers.o
LOAD Middlewares/Third_Party/FreeRTOS/Source/portable/GCC/ARM_CM4F/port.o
LOAD Middlewares/Third_Party/FreeRTOS/Source/portable/MemMang/heap_4.o
LOAD ..//libarm_cortexM4lf_math.a
START GROUP
LOAD /Applications/STM32CubeIDE.app/Contents/Eclipse/plugins/com.st.stm32cube.ide.mcu.externaltools.gnu-tools-for-stm32.7-2018-q2-update.macos64_1.0.0.201904181610/tools/bin/../lib/gcc/arm-none-eabi/7.3.1/../../../../arm-none-eabi/lib/thumb/v7e-m/fpv4-sp/hard/libstdc++_nano.a
LOAD /Applications/STM32CubeIDE.app/Contents/Eclipse/plugins/com.st.stm32cube.ide.mcu.externaltools.gnu-tools-for-stm32.7-2018-q2-update.macos64_1.0.0.201904181610/tools/bin/../lib/gcc/arm-none-eabi/7.3.1/../../../../arm-none-eabi/lib/thumb/v7e-m/fpv4-sp/hard/libsupc++_nano.a
END GROUP
LOAD /Applications/STM32CubeIDE.app/Contents/Eclipse/plugins/com.st.stm32cube.ide.mcu.externaltools.gnu-tools-for-stm32.7-2018-q2-update.macos64_1.0.0.201904181610/tools/bin/../lib/gcc/arm-none-eabi/7.3.1/../../../../arm-none-eabi/lib/thumb/v7e-m/fpv4-sp/hard/libstdc++_nano.a
LOAD /Applications/STM32CubeIDE.app/Contents/Eclipse/plugins/com.st.stm32cube.ide.mcu.externaltools.gnu-tools-for-stm32.7-2018-q2-update.macos64_1.0.0.201904181610/tools/bin/../lib/gcc/arm-none-eabi/7.3.1/../../../../arm-none-eabi/lib/thumb/v7e-m/fpv4-sp/hard/libm.a
LOAD /Applications/STM32CubeIDE.app/Contents/Eclipse/plugins/com.st.stm32cube.ide.mcu.externaltools.gnu-tools-for-stm32.7-2018-q2-update.macos64_1.0.0.201904181610/tools/bin/../lib/gcc/arm-none-eabi/7.3.1/../../../../arm-none-eabi/lib/thumb/v7e-m/fpv4-sp/hard/libc_nano.a
START GROUP
LOAD /Applications/STM32CubeIDE.app/Contents/Eclipse/plugins/com.st.stm32cube.ide.mcu.externaltools.gnu-tools-for-stm32.7-2018-q2-update.macos64_1.0.0.201904181610/tools/bin/../lib/gcc/arm-none-eabi/7.3.1/thumb/v7e-m/fpv4-sp/hard/libgcc.a
LOAD /Applications/STM32CubeIDE.app/Contents/Eclipse/plugins/com.st.stm32cube.ide.mcu.externaltools.gnu-tools-for-stm32.7-2018-q2-update.macos64_1.0.0.201904181610/tools/bin/../lib/gcc/arm-none-eabi/7.3.1/../../../../arm-none-eabi/lib/thumb/v7e-m/fpv4-sp/hard/libc_nano.a
END GROUP
START GROUP
LOAD /Applications/STM32CubeIDE.app/Contents/Eclipse/plugins/com.st.stm32cube.ide.mcu.externaltools.gnu-tools-for-stm32.7-2018-q2-update.macos64_1.0.0.201904181610/tools/bin/../lib/gcc/arm-none-eabi/7.3.1/thumb/v7e-m/fpv4-sp/hard/libgcc.a
LOAD /Applications/STM32CubeIDE.app/Contents/Eclipse/plugins/com.st.stm32cube.ide.mcu.externaltools.gnu-tools-for-stm32.7-2018-q2-update.macos64_1.0.0.201904181610/tools/bin/../lib/gcc/arm-none-eabi/7.3.1/../../../../arm-none-eabi/lib/thumb/v7e-m/fpv4-sp/hard/libc_nano.a
LOAD /Applications/STM32CubeIDE.app/Contents/Eclipse/plugins/com.st.stm32cube.ide.mcu.externaltools.gnu-tools-for-stm32.7-2018-q2-update.macos64_1.0.0.201904181610/tools/bin/../lib/gcc/arm-none-eabi/7.3.1/../../../../arm-none-eabi/lib/thumb/v7e-m/fpv4-sp/hard/libnosys.a
END GROUP
START GROUP
LOAD /Applications/STM32CubeIDE.app/Contents/Eclipse/plugins/com.st.stm32cube.ide.mcu.externaltools.gnu-tools-for-stm32.7-2018-q2-update.macos64_1.0.0.201904181610/tools/bin/../lib/gcc/arm-none-eabi/7.3.1/thumb/v7e-m/fpv4-sp/hard/libgcc.a
LOAD /Applications/STM32CubeIDE.app/Contents/Eclipse/plugins/com.st.stm32cube.ide.mcu.externaltools.gnu-tools-for-stm32.7-2018-q2-update.macos64_1.0.0.201904181610/tools/bin/../lib/gcc/arm-none-eabi/7.3.1/../../../../arm-none-eabi/lib/thumb/v7e-m/fpv4-sp/hard/libc_nano.a
LOAD /Applications/STM32CubeIDE.app/Contents/Eclipse/plugins/com.st.stm32cube.ide.mcu.externaltools.gnu-tools-for-stm32.7-2018-q2-update.macos64_1.0.0.201904181610/tools/bin/../lib/gcc/arm-none-eabi/7.3.1/../../../../arm-none-eabi/lib/thumb/v7e-m/fpv4-sp/hard/libnosys.a
END GROUP
LOAD /Applications/STM32CubeIDE.app/Contents/Eclipse/plugins/com.st.stm32cube.ide.mcu.externaltools.gnu-tools-for-stm32.7-2018-q2-update.macos64_1.0.0.201904181610/tools/bin/../lib/gcc/arm-none-eabi/7.3.1/thumb/v7e-m/fpv4-sp/hard/crtend.o
LOAD /Applications/STM32CubeIDE.app/Contents/Eclipse/plugins/com.st.stm32cube.ide.mcu.externaltools.gnu-tools-for-stm32.7-2018-q2-update.macos64_1.0.0.201904181610/tools/bin/../lib/gcc/arm-none-eabi/7.3.1/thumb/v7e-m/fpv4-sp/hard/crtn.o
                0x0000000020020000                _estack = (ORIGIN (RAM) + LENGTH (RAM))
                0x0000000000000200                _Min_Heap_Size = 0x200
                0x0000000000000800                _Min_Stack_Size = 0x800

.isr_vector     0x0000000008000000      0x198
                0x0000000008000000                . = ALIGN (0x4)
 *(.isr_vector)
 .isr_vector    0x0000000008000000      0x198 Core/Startup/startup_stm32f411ceux.o
                0x0000000008000000                g_pfnVectors
                0x0000000008000198                . = ALIGN (0x4)

.text           0x00000000080001a0     0x994c
                0x00000000080001a0                . = ALIGN (0x4)
 *(.text)
 .text          0x00000000080001a0       0x40 /Applications/STM32CubeIDE.app/Contents/Eclipse/plugins/com.st.stm32cube.ide.mcu.externaltools.gnu-tools-for-stm32.7-2018-q2-update.macos64_1.0.0.201904181610/tools/bin/../lib/gcc/arm-none-eabi/7.3.1/thumb/v7e-m/fpv4-sp/hard/crtbegin.o
 .text          0x00000000080001e0       0xc0 ..//libarm_cortexM4lf_math.a(arm_bitreversal2.o)
                0x00000000080001e0                arm_bitreversal_32
                0x000000000800024a                arm_bitreversal_16
 .text          0x00000000080002a0      0x378 /Applications/STM32CubeIDE.app/Contents/Eclipse/plugins/com.st.stm32cube.ide.mcu.externaltools.gnu-tools-for-stm32.7-2018-q2-update.macos64_1.0.0.201904181610/tools/bin/../lib/gcc/arm-none-eabi/7.3.1/thumb/v7e-m/fpv4-sp/hard/libgcc.a(_arm_addsubdf3.o)
                0x00000000080002a0                __aeabi_drsub
                0x00000000080002a8                __subdf3
                0x00000000080002a8                __aeabi_dsub
                0x00000000080002ac                __aeabi_dadd
                0x00000000080002ac                __adddf3
                0x0000000008000524                __aeabi_ui2d
                0x0000000008000524                __floatunsidf
                0x0000000008000544                __floatsidf
                0x0000000008000544                __aeabi_i2d
                0x0000000008000568                __extendsfdf2
                0x0000000008000568                __aeabi_f2d
                0x00000000080005ac                __aeabi_ul2d
                0x00000000080005ac                __floatundidf
                0x00000000080005bc                __aeabi_l2d
                0x00000000080005bc                __floatdidf
 .text          0x0000000008000618      0x424 /Applications/STM32CubeIDE.app/Contents/Eclipse/plugins/com.st.stm32cube.ide.mcu.externaltools.gnu-tools-for-stm32.7-2018-q2-update.macos64_1.0.0.201904181610/tools/bin/../lib/gcc/arm-none-eabi/7.3.1/thumb/v7e-m/fpv4-sp/hard/libgcc.a(_arm_muldivdf3.o)
                0x0000000008000618                __aeabi_dmul
                0x0000000008000618                __muldf3
                0x000000000800086c                __aeabi_ddiv
                0x000000000800086c                __divdf3
 .text          0x0000000008000a3c       0xa0 /Applications/STM32CubeIDE.app/Contents/Eclipse/plugins/com.st.stm32cube.ide.mcu.externaltools.gnu-tools-for-stm32.7-2018-q2-update.macos64_1.0.0.201904181610/tools/bin/../lib/gcc/arm-none-eabi/7.3.1/thumb/v7e-m/fpv4-sp/hard/libgcc.a(_arm_truncdfsf2.o)
                0x0000000008000a3c                __aeabi_d2f
                0x0000000008000a3c                __truncdfsf2
 .text          0x0000000008000adc       0x30 /Applications/STM32CubeIDE.app/Contents/Eclipse/plugins/com.st.stm32cube.ide.mcu.externaltools.gnu-tools-for-stm32.7-2018-q2-update.macos64_1.0.0.201904181610/tools/bin/../lib/gcc/arm-none-eabi/7.3.1/thumb/v7e-m/fpv4-sp/hard/libgcc.a(_aeabi_uldivmod.o)
                0x0000000008000adc                __aeabi_uldivmod
 .text          0x0000000008000b0c      0x2cc /Applications/STM32CubeIDE.app/Contents/Eclipse/plugins/com.st.stm32cube.ide.mcu.externaltools.gnu-tools-for-stm32.7-2018-q2-update.macos64_1.0.0.201904181610/tools/bin/../lib/gcc/arm-none-eabi/7.3.1/thumb/v7e-m/fpv4-sp/hard/libgcc.a(_udivmoddi4.o)
                0x0000000008000b0c                __udivmoddi4
 .text          0x0000000008000dd8        0x4 /Applications/STM32CubeIDE.app/Contents/Eclipse/plugins/com.st.stm32cube.ide.mcu.externaltools.gnu-tools-for-stm32.7-2018-q2-update.macos64_1.0.0.201904181610/tools/bin/../lib/gcc/arm-none-eabi/7.3.1/thumb/v7e-m/fpv4-sp/hard/libgcc.a(_dvmd_tls.o)
                0x0000000008000dd8                __aeabi_ldiv0
                0x0000000008000dd8                __aeabi_idiv0
 *(.text*)
 .text.audioProcessor
                0x0000000008000ddc       0x4c Core/Src/App/audioproc.o
                0x0000000008000ddc                audioProcessor
 .text.prepareFFTData
                0x0000000008000e28      0x11c Core/Src/App/audioproc.o
                0x0000000008000e28                prepareFFTData
 .text.DMA2_Stream0_TransferComplete
                0x0000000008000f44       0x38 Core/Src/App/test.o
                0x0000000008000f44                DMA2_Stream0_TransferComplete
 .text.update   0x0000000008000f7c      0x184 Core/Src/App/test.o
                0x0000000008000f7c                update
 .text.render   0x0000000008001100       0xdc Core/Src/App/test.o
                0x0000000008001100                render
 .text.init     0x00000000080011dc       0x50 Core/Src/App/test.o
                0x00000000080011dc                init
 .text.HAL_I2SEx_TxRxCpltCallback
                0x000000000800122c       0x30 Core/Src/App/wm8731.o
                0x000000000800122c                HAL_I2SEx_TxRxCpltCallback
 .text.HAL_I2SEx_TxRxHalfCpltCallback
                0x000000000800125c       0x30 Core/Src/App/wm8731.o
                0x000000000800125c                HAL_I2SEx_TxRxHalfCpltCallback
 .text.wm8731_init
                0x000000000800128c      0x244 Core/Src/App/wm8731.o
                0x000000000800128c                wm8731_init
 .text.LcdWrite8
                0x00000000080014d0       0x30 Core/Src/Lcd/lcd_io_spi.o
                0x00000000080014d0                LcdWrite8
 .text.LcdCmdWrite8
                0x0000000008001500       0x40 Core/Src/Lcd/lcd_io_spi.o
                0x0000000008001500                LcdCmdWrite8
 .text.WaitForDmaEnd
                0x0000000008001540       0x1c Core/Src/Lcd/lcd_io_spi.o
                0x0000000008001540                WaitForDmaEnd
 .text.DMA1_Stream4_IRQHandler
                0x000000000800155c       0x94 Core/Src/Lcd/lcd_io_spi.o
                0x000000000800155c                DMA1_Stream4_IRQHandler
 .text.LCD_IO_WriteMultiData
                0x00000000080015f0       0x88 Core/Src/Lcd/lcd_io_spi.o
                0x00000000080015f0                LCD_IO_WriteMultiData
 .text.LCD_IO_WriteMultiData8
                0x0000000008001678       0xb0 Core/Src/Lcd/lcd_io_spi.o
                0x0000000008001678                LCD_IO_WriteMultiData8
 .text.LCD_IO_WriteMultiData16
                0x0000000008001728       0xec Core/Src/Lcd/lcd_io_spi.o
                0x0000000008001728                LCD_IO_WriteMultiData16
 .text.LCD_IO_Delay
                0x0000000008001814       0x20 Core/Src/Lcd/lcd_io_spi.o
                0x0000000008001814                LCD_IO_Delay
 .text.LCD_Delay
                0x0000000008001834       0x16 Core/Src/Lcd/lcd_io_spi.o
                0x0000000008001834                LCD_Delay
 *fill*         0x000000000800184a        0x2 
 .text.LCD_IO_Bl_OnOff
                0x000000000800184c       0x30 Core/Src/Lcd/lcd_io_spi.o
                0x000000000800184c                LCD_IO_Bl_OnOff
 .text.LCD_IO_Init
                0x000000000800187c      0x174 Core/Src/Lcd/lcd_io_spi.o
                0x000000000800187c                LCD_IO_Init
 .text.LCD_IO_WriteCmd8
                0x00000000080019f0       0x38 Core/Src/Lcd/lcd_io_spi.o
                0x00000000080019f0                LCD_IO_WriteCmd8
 .text.LCD_IO_WriteData8
                0x0000000008001a28       0x38 Core/Src/Lcd/lcd_io_spi.o
                0x0000000008001a28                LCD_IO_WriteData8
 .text.LCD_IO_WriteCmd8DataFill16
                0x0000000008001a60       0x4c Core/Src/Lcd/lcd_io_spi.o
                0x0000000008001a60                LCD_IO_WriteCmd8DataFill16
 .text.LCD_IO_WriteCmd8MultipleData8
                0x0000000008001aac       0x40 Core/Src/Lcd/lcd_io_spi.o
                0x0000000008001aac                LCD_IO_WriteCmd8MultipleData8
 .text.LCD_IO_WriteCmd8MultipleData16
                0x0000000008001aec       0x48 Core/Src/Lcd/lcd_io_spi.o
                0x0000000008001aec                LCD_IO_WriteCmd8MultipleData16
 .text.LCD_IO_ReadCmd8MultipleData8
                0x0000000008001b34       0x1c Core/Src/Lcd/lcd_io_spi.o
                0x0000000008001b34                LCD_IO_ReadCmd8MultipleData8
 .text.LCD_IO_ReadCmd8MultipleData24to16
                0x0000000008001b50       0x1c Core/Src/Lcd/lcd_io_spi.o
                0x0000000008001b50                LCD_IO_ReadCmd8MultipleData24to16
 .text.st7735_Init
                0x0000000008001b6c      0x118 Core/Src/Lcd/st7735.o
                0x0000000008001b6c                st7735_Init
 .text.st7735_DisplayOn
                0x0000000008001c84       0x14 Core/Src/Lcd/st7735.o
                0x0000000008001c84                st7735_DisplayOn
 .text.st7735_DisplayOff
                0x0000000008001c98       0x14 Core/Src/Lcd/st7735.o
                0x0000000008001c98                st7735_DisplayOff
 .text.st7735_GetLcdPixelWidth
                0x0000000008001cac       0x10 Core/Src/Lcd/st7735.o
                0x0000000008001cac                st7735_GetLcdPixelWidth
 .text.st7735_GetLcdPixelHeight
                0x0000000008001cbc       0x10 Core/Src/Lcd/st7735.o
                0x0000000008001cbc                st7735_GetLcdPixelHeight
 .text.st7735_ReadID
                0x0000000008001ccc       0x34 Core/Src/Lcd/st7735.o
                0x0000000008001ccc                st7735_ReadID
 .text.st7735_SetCursor
                0x0000000008001d00       0x84 Core/Src/Lcd/st7735.o
                0x0000000008001d00                st7735_SetCursor
 .text.st7735_WritePixel
                0x0000000008001d84       0x92 Core/Src/Lcd/st7735.o
                0x0000000008001d84                st7735_WritePixel
 .text.st7735_ReadPixel
                0x0000000008001e16       0x94 Core/Src/Lcd/st7735.o
                0x0000000008001e16                st7735_ReadPixel
 *fill*         0x0000000008001eaa        0x2 
 .text.st7735_SetDisplayWindow
                0x0000000008001eac       0xd0 Core/Src/Lcd/st7735.o
                0x0000000008001eac                st7735_SetDisplayWindow
 .text.st7735_DrawHLine
                0x0000000008001f7c       0xae Core/Src/Lcd/st7735.o
                0x0000000008001f7c                st7735_DrawHLine
 .text.st7735_DrawVLine
                0x000000000800202a       0xae Core/Src/Lcd/st7735.o
                0x000000000800202a                st7735_DrawVLine
 .text.st7735_FillRect
                0x00000000080020d8       0xc6 Core/Src/Lcd/st7735.o
                0x00000000080020d8                st7735_FillRect
 *fill*         0x000000000800219e        0x2 
 .text.st7735_DrawBitmap
                0x00000000080021a0       0xdc Core/Src/Lcd/st7735.o
                0x00000000080021a0                st7735_DrawBitmap
 .text.st7735_DrawRGBImage
                0x000000000800227c       0x44 Core/Src/Lcd/st7735.o
                0x000000000800227c                st7735_DrawRGBImage
 .text.st7735_ReadRGBImage
                0x00000000080022c0       0x46 Core/Src/Lcd/st7735.o
                0x00000000080022c0                st7735_ReadRGBImage
 *fill*         0x0000000008002306        0x2 
 .text.BSP_LCD_Init
                0x0000000008002308       0x48 Core/Src/Lcd/stm32_adafruit_lcd.o
                0x0000000008002308                BSP_LCD_Init
 .text.BSP_LCD_GetXSize
                0x0000000008002350       0x18 Core/Src/Lcd/stm32_adafruit_lcd.o
                0x0000000008002350                BSP_LCD_GetXSize
 .text.BSP_LCD_GetYSize
                0x0000000008002368       0x18 Core/Src/Lcd/stm32_adafruit_lcd.o
                0x0000000008002368                BSP_LCD_GetYSize
 .text.BSP_LCD_SetTextColor
                0x0000000008002380       0x20 Core/Src/Lcd/stm32_adafruit_lcd.o
                0x0000000008002380                BSP_LCD_SetTextColor
 .text.BSP_LCD_SetBackColor
                0x00000000080023a0       0x20 Core/Src/Lcd/stm32_adafruit_lcd.o
                0x00000000080023a0                BSP_LCD_SetBackColor
 .text.BSP_LCD_SetFont
                0x00000000080023c0       0x20 Core/Src/Lcd/stm32_adafruit_lcd.o
                0x00000000080023c0                BSP_LCD_SetFont
 .text.BSP_LCD_Clear
                0x00000000080023e0       0x3c Core/Src/Lcd/stm32_adafruit_lcd.o
                0x00000000080023e0                BSP_LCD_Clear
 .text.BSP_LCD_DrawPixel
                0x000000000800241c       0x38 Core/Src/Lcd/stm32_adafruit_lcd.o
                0x000000000800241c                BSP_LCD_DrawPixel
 .text.BSP_LCD_DrawHLine
                0x0000000008002454       0x74 Core/Src/Lcd/stm32_adafruit_lcd.o
                0x0000000008002454                BSP_LCD_DrawHLine
 .text.BSP_LCD_DrawVLine
                0x00000000080024c8       0x74 Core/Src/Lcd/stm32_adafruit_lcd.o
                0x00000000080024c8                BSP_LCD_DrawVLine
 .text.BSP_LCD_DrawRect
                0x000000000800253c       0x6a Core/Src/Lcd/stm32_adafruit_lcd.o
                0x000000000800253c                BSP_LCD_DrawRect
 *fill*         0x00000000080025a6        0x2 
 .text.BSP_LCD_FillBuffer
                0x00000000080025a8       0x40 Core/Src/Lcd/stm32_adafruit_lcd.o
                0x00000000080025a8                BSP_LCD_FillBuffer
 .text.vApplicationGetIdleTaskMemory
                0x00000000080025e8       0x34 Core/Src/freertos.o
                0x00000000080025e8                vApplicationGetIdleTaskMemory
 .text.main     0x000000000800261c       0xa0 Core/Src/main.o
                0x000000000800261c                main
 .text.SystemClock_Config
                0x00000000080026bc      0x110 Core/Src/main.o
                0x00000000080026bc                SystemClock_Config
 .text.MX_I2C1_Init
                0x00000000080027cc       0x5c Core/Src/main.o
 .text.MX_I2S3_Init
                0x0000000008002828       0x5c Core/Src/main.o
 .text.MX_RTC_Init
                0x0000000008002884       0x4c Core/Src/main.o
 .text.MX_SPI1_Init
                0x00000000080028d0       0x6c Core/Src/main.o
 .text.MX_SPI2_Init
                0x000000000800293c       0x6c Core/Src/main.o
 .text.MX_TIM4_Init
                0x00000000080029a8       0xa8 Core/Src/main.o
 .text.MX_DMA_Init
                0x0000000008002a50      0x15c Core/Src/main.o
 .text.MX_GPIO_Init
                0x0000000008002bac       0xbc Core/Src/main.o
 .text.StartDefaultTask
                0x0000000008002c68       0x18 Core/Src/main.o
                0x0000000008002c68                StartDefaultTask
 .text.StartTask02
                0x0000000008002c80       0x14 Core/Src/main.o
                0x0000000008002c80                StartTask02
 .text.HAL_TIM_PeriodElapsedCallback
                0x0000000008002c94       0x24 Core/Src/main.o
                0x0000000008002c94                HAL_TIM_PeriodElapsedCallback
 .text.Error_Handler
                0x0000000008002cb8        0xe Core/Src/main.o
                0x0000000008002cb8                Error_Handler
 *fill*         0x0000000008002cc6        0x2 
 .text.HAL_MspInit
                0x0000000008002cc8       0x58 Core/Src/stm32f4xx_hal_msp.o
                0x0000000008002cc8                HAL_MspInit
 .text.HAL_I2C_MspInit
                0x0000000008002d20       0x90 Core/Src/stm32f4xx_hal_msp.o
                0x0000000008002d20                HAL_I2C_MspInit
 .text.HAL_I2S_MspInit
                0x0000000008002db0      0x1c8 Core/Src/stm32f4xx_hal_msp.o
                0x0000000008002db0                HAL_I2S_MspInit
 .text.HAL_RTC_MspInit
                0x0000000008002f78       0x2c Core/Src/stm32f4xx_hal_msp.o
                0x0000000008002f78                HAL_RTC_MspInit
 .text.HAL_SPI_MspInit
                0x0000000008002fa4       0xfc Core/Src/stm32f4xx_hal_msp.o
                0x0000000008002fa4                HAL_SPI_MspInit
 .text.HAL_TIM_Encoder_MspInit
                0x00000000080030a0       0x90 Core/Src/stm32f4xx_hal_msp.o
                0x00000000080030a0                HAL_TIM_Encoder_MspInit
 .text.HAL_InitTick
                0x0000000008003130       0xb0 Core/Src/stm32f4xx_hal_timebase_tim.o
                0x0000000008003130                HAL_InitTick
 .text.NMI_Handler
                0x00000000080031e0        0xe Core/Src/stm32f4xx_it.o
                0x00000000080031e0                NMI_Handler
 .text.HardFault_Handler
                0x00000000080031ee        0x6 Core/Src/stm32f4xx_it.o
                0x00000000080031ee                HardFault_Handler
 .text.MemManage_Handler
                0x00000000080031f4        0x6 Core/Src/stm32f4xx_it.o
                0x00000000080031f4                MemManage_Handler
 .text.BusFault_Handler
                0x00000000080031fa        0x6 Core/Src/stm32f4xx_it.o
                0x00000000080031fa                BusFault_Handler
 .text.UsageFault_Handler
                0x0000000008003200        0x6 Core/Src/stm32f4xx_it.o
                0x0000000008003200                UsageFault_Handler
 .text.DebugMon_Handler
                0x0000000008003206        0xe Core/Src/stm32f4xx_it.o
                0x0000000008003206                DebugMon_Handler
 .text.DMA1_Stream0_IRQHandler
                0x0000000008003214       0x14 Core/Src/stm32f4xx_it.o
                0x0000000008003214                DMA1_Stream0_IRQHandler
 .text.DMA1_Stream5_IRQHandler
                0x0000000008003228       0x14 Core/Src/stm32f4xx_it.o
                0x0000000008003228                DMA1_Stream5_IRQHandler
 .text.TIM1_UP_TIM10_IRQHandler
                0x000000000800323c       0x14 Core/Src/stm32f4xx_it.o
                0x000000000800323c                TIM1_UP_TIM10_IRQHandler
 .text.DMA2_Stream0_IRQHandler
                0x0000000008003250       0x14 Core/Src/stm32f4xx_it.o
                0x0000000008003250                DMA2_Stream0_IRQHandler
 .text.SystemInit
                0x0000000008003264       0x2c Core/Src/system_stm32f4xx.o
                0x0000000008003264                SystemInit
 .text.W25qxx_Spi
                0x0000000008003290       0x2c Core/Src/w25qxx/w25qxx.o
                0x0000000008003290                W25qxx_Spi
 .text.W25qxx_ReadID
                0x00000000080032bc       0x6c Core/Src/w25qxx/w25qxx.o
                0x00000000080032bc                W25qxx_ReadID
 .text.W25qxx_ReadUniqID
                0x0000000008003328       0x6c Core/Src/w25qxx/w25qxx.o
                0x0000000008003328                W25qxx_ReadUniqID
 .text.W25qxx_ReadStatusRegister
                0x0000000008003394       0x8c Core/Src/w25qxx/w25qxx.o
                0x0000000008003394                W25qxx_ReadStatusRegister
 .text.W25qxx_Init
                0x0000000008003420      0x190 Core/Src/w25qxx/w25qxx.o
                0x0000000008003420                W25qxx_Init
 .text.Reset_Handler
                0x00000000080035b0       0x50 Core/Startup/startup_stm32f411ceux.o
                0x00000000080035b0                Reset_Handler
 .text.Default_Handler
                0x0000000008003600        0x2 Core/Startup/startup_stm32f411ceux.o
                0x0000000008003600                DMA1_Stream3_IRQHandler
                0x0000000008003600                EXTI2_IRQHandler
                0x0000000008003600                SPI4_IRQHandler
                0x0000000008003600                TIM1_CC_IRQHandler
                0x0000000008003600                DMA2_Stream5_IRQHandler
                0x0000000008003600                PVD_IRQHandler
                0x0000000008003600                SDIO_IRQHandler
                0x0000000008003600                TAMP_STAMP_IRQHandler
                0x0000000008003600                EXTI3_IRQHandler
                0x0000000008003600                I2C3_ER_IRQHandler
                0x0000000008003600                EXTI0_IRQHandler
                0x0000000008003600                I2C2_EV_IRQHandler
                0x0000000008003600                DMA1_Stream2_IRQHandler
                0x0000000008003600                FPU_IRQHandler
                0x0000000008003600                DMA2_Stream2_IRQHandler
                0x0000000008003600                SPI1_IRQHandler
                0x0000000008003600                TIM1_BRK_TIM9_IRQHandler
                0x0000000008003600                DMA2_Stream3_IRQHandler
                0x0000000008003600                USART6_IRQHandler
                0x0000000008003600                TIM4_IRQHandler
                0x0000000008003600                I2C1_EV_IRQHandler
                0x0000000008003600                DMA1_Stream6_IRQHandler
                0x0000000008003600                DMA1_Stream1_IRQHandler
                0x0000000008003600                TIM3_IRQHandler
                0x0000000008003600                RCC_IRQHandler
                0x0000000008003600                Default_Handler
                0x0000000008003600                EXTI15_10_IRQHandler
                0x0000000008003600                ADC_IRQHandler
                0x0000000008003600                DMA1_Stream7_IRQHandler
                0x0000000008003600                SPI5_IRQHandler
                0x0000000008003600                TIM5_IRQHandler
                0x0000000008003600                DMA2_Stream7_IRQHandler
                0x0000000008003600                I2C3_EV_IRQHandler
                0x0000000008003600                EXTI9_5_IRQHandler
                0x0000000008003600                RTC_WKUP_IRQHandler
                0x0000000008003600                SPI2_IRQHandler
                0x0000000008003600                EXTI4_IRQHandler
                0x0000000008003600                WWDG_IRQHandler
                0x0000000008003600                TIM2_IRQHandler
                0x0000000008003600                OTG_FS_WKUP_IRQHandler
                0x0000000008003600                TIM1_TRG_COM_TIM11_IRQHandler
                0x0000000008003600                EXTI1_IRQHandler
                0x0000000008003600                USART2_IRQHandler
                0x0000000008003600                I2C2_ER_IRQHandler
                0x0000000008003600                DMA2_Stream1_IRQHandler
                0x0000000008003600                FLASH_IRQHandler
                0x0000000008003600                DMA2_Stream4_IRQHandler
                0x0000000008003600                USART1_IRQHandler
                0x0000000008003600                OTG_FS_IRQHandler
                0x0000000008003600                SPI3_IRQHandler
                0x0000000008003600                I2C1_ER_IRQHandler
                0x0000000008003600                DMA2_Stream6_IRQHandler
                0x0000000008003600                RTC_Alarm_IRQHandler
 *fill*         0x0000000008003602        0x2 
 .text.HAL_Init
                0x0000000008003604       0x44 Drivers/STM32F4xx_HAL_Driver/Src/stm32f4xx_hal.o
                0x0000000008003604                HAL_Init
 .text.HAL_IncTick
                0x0000000008003648       0x28 Drivers/STM32F4xx_HAL_Driver/Src/stm32f4xx_hal.o
                0x0000000008003648                HAL_IncTick
 .text.HAL_GetTick
                0x0000000008003670       0x18 Drivers/STM32F4xx_HAL_Driver/Src/stm32f4xx_hal.o
                0x0000000008003670                HAL_GetTick
 .text.HAL_Delay
                0x0000000008003688       0x44 Drivers/STM32F4xx_HAL_Driver/Src/stm32f4xx_hal.o
                0x0000000008003688                HAL_Delay
 .text.__NVIC_SetPriorityGrouping
                0x00000000080036cc       0x48 Drivers/STM32F4xx_HAL_Driver/Src/stm32f4xx_hal_cortex.o
 .text.__NVIC_GetPriorityGrouping
                0x0000000008003714       0x1c Drivers/STM32F4xx_HAL_Driver/Src/stm32f4xx_hal_cortex.o
 .text.__NVIC_EnableIRQ
                0x0000000008003730       0x3c Drivers/STM32F4xx_HAL_Driver/Src/stm32f4xx_hal_cortex.o
 .text.__NVIC_SetPriority
                0x000000000800376c       0x54 Drivers/STM32F4xx_HAL_Driver/Src/stm32f4xx_hal_cortex.o
 .text.NVIC_EncodePriority
                0x00000000080037c0       0x66 Drivers/STM32F4xx_HAL_Driver/Src/stm32f4xx_hal_cortex.o
 .text.HAL_NVIC_SetPriorityGrouping
                0x0000000008003826       0x16 Drivers/STM32F4xx_HAL_Driver/Src/stm32f4xx_hal_cortex.o
                0x0000000008003826                HAL_NVIC_SetPriorityGrouping
 .text.HAL_NVIC_SetPriority
                0x000000000800383c       0x38 Drivers/STM32F4xx_HAL_Driver/Src/stm32f4xx_hal_cortex.o
                0x000000000800383c                HAL_NVIC_SetPriority
 .text.HAL_NVIC_EnableIRQ
                0x0000000008003874       0x1c Drivers/STM32F4xx_HAL_Driver/Src/stm32f4xx_hal_cortex.o
                0x0000000008003874                HAL_NVIC_EnableIRQ
 .text.HAL_DMA_Init
                0x0000000008003890      0x15c Drivers/STM32F4xx_HAL_Driver/Src/stm32f4xx_hal_dma.o
                0x0000000008003890                HAL_DMA_Init
 .text.HAL_DMA_Start_IT
                0x00000000080039ec       0xb0 Drivers/STM32F4xx_HAL_Driver/Src/stm32f4xx_hal_dma.o
                0x00000000080039ec                HAL_DMA_Start_IT
 .text.HAL_DMA_IRQHandler
                0x0000000008003a9c      0x314 Drivers/STM32F4xx_HAL_Driver/Src/stm32f4xx_hal_dma.o
                0x0000000008003a9c                HAL_DMA_IRQHandler
 .text.HAL_DMA_RegisterCallback
                0x0000000008003db0       0xa8 Drivers/STM32F4xx_HAL_Driver/Src/stm32f4xx_hal_dma.o
                0x0000000008003db0                HAL_DMA_RegisterCallback
 .text.DMA_SetConfig
                0x0000000008003e58       0x5c Drivers/STM32F4xx_HAL_Driver/Src/stm32f4xx_hal_dma.o
 .text.DMA_CalcBaseAndBitshift
                0x0000000008003eb4       0x6c Drivers/STM32F4xx_HAL_Driver/Src/stm32f4xx_hal_dma.o
 .text.DMA_CheckFifoParam
                0x0000000008003f20       0xf4 Drivers/STM32F4xx_HAL_Driver/Src/stm32f4xx_hal_dma.o
 .text.HAL_GPIO_Init
                0x0000000008004014      0x304 Drivers/STM32F4xx_HAL_Driver/Src/stm32f4xx_hal_gpio.o
                0x0000000008004014                HAL_GPIO_Init
 .text.HAL_GPIO_WritePin
                0x0000000008004318       0x32 Drivers/STM32F4xx_HAL_Driver/Src/stm32f4xx_hal_gpio.o
                0x0000000008004318                HAL_GPIO_WritePin
 *fill*         0x000000000800434a        0x2 
 .text.HAL_I2C_Init
                0x000000000800434c      0x270 Drivers/STM32F4xx_HAL_Driver/Src/stm32f4xx_hal_i2c.o
                0x000000000800434c                HAL_I2C_Init
 .text.HAL_I2C_Mem_Write
                0x00000000080045bc      0x1f4 Drivers/STM32F4xx_HAL_Driver/Src/stm32f4xx_hal_i2c.o
                0x00000000080045bc                HAL_I2C_Mem_Write
 .text.I2C_RequestMemoryWrite
                0x00000000080047b0      0x128 Drivers/STM32F4xx_HAL_Driver/Src/stm32f4xx_hal_i2c.o
 .text.I2C_WaitOnFlagUntilTimeout
                0x00000000080048d8       0xae Drivers/STM32F4xx_HAL_Driver/Src/stm32f4xx_hal_i2c.o
 .text.I2C_WaitOnMasterAddressFlagUntilTimeout
                0x0000000008004986       0xfe Drivers/STM32F4xx_HAL_Driver/Src/stm32f4xx_hal_i2c.o
 .text.I2C_WaitOnTXEFlagUntilTimeout
                0x0000000008004a84       0x82 Drivers/STM32F4xx_HAL_Driver/Src/stm32f4xx_hal_i2c.o
 .text.I2C_WaitOnBTFFlagUntilTimeout
                0x0000000008004b06       0x82 Drivers/STM32F4xx_HAL_Driver/Src/stm32f4xx_hal_i2c.o
 .text.I2C_IsAcknowledgeFailed
                0x0000000008004b88       0x5e Drivers/STM32F4xx_HAL_Driver/Src/stm32f4xx_hal_i2c.o
 *fill*         0x0000000008004be6        0x2 
 .text.HAL_I2S_Init
                0x0000000008004be8      0x280 Drivers/STM32F4xx_HAL_Driver/Src/stm32f4xx_hal_i2s.o
                0x0000000008004be8                HAL_I2S_Init
 .text.HAL_I2S_TxCpltCallback
                0x0000000008004e68       0x14 Drivers/STM32F4xx_HAL_Driver/Src/stm32f4xx_hal_i2s.o
                0x0000000008004e68                HAL_I2S_TxCpltCallback
 .text.HAL_I2S_RxCpltCallback
                0x0000000008004e7c       0x14 Drivers/STM32F4xx_HAL_Driver/Src/stm32f4xx_hal_i2s.o
                0x0000000008004e7c                HAL_I2S_RxCpltCallback
 .text.HAL_I2S_ErrorCallback
                0x0000000008004e90       0x14 Drivers/STM32F4xx_HAL_Driver/Src/stm32f4xx_hal_i2s.o
                0x0000000008004e90                HAL_I2S_ErrorCallback
 .text.I2S_Transmit_IT
                0x0000000008004ea4       0x5c Drivers/STM32F4xx_HAL_Driver/Src/stm32f4xx_hal_i2s.o
 .text.I2S_Receive_IT
                0x0000000008004f00       0x5e Drivers/STM32F4xx_HAL_Driver/Src/stm32f4xx_hal_i2s.o
 .text.I2S_IRQHandler
                0x0000000008004f5e      0x114 Drivers/STM32F4xx_HAL_Driver/Src/stm32f4xx_hal_i2s.o
 *fill*         0x0000000008005072        0x2 
 .text.HAL_I2SEx_TransmitReceive_DMA
                0x0000000008005074      0x314 Drivers/STM32F4xx_HAL_Driver/Src/stm32f4xx_hal_i2s_ex.o
                0x0000000008005074                HAL_I2SEx_TransmitReceive_DMA
 .text.HAL_I2SEx_FullDuplex_IRQHandler
                0x0000000008005388      0x2a8 Drivers/STM32F4xx_HAL_Driver/Src/stm32f4xx_hal_i2s_ex.o
                0x0000000008005388                HAL_I2SEx_FullDuplex_IRQHandler
 .text.I2SEx_TxRxDMAHalfCplt
                0x0000000008005630       0x1c Drivers/STM32F4xx_HAL_Driver/Src/stm32f4xx_hal_i2s_ex.o
 .text.I2SEx_TxRxDMACplt
                0x000000000800564c      0x138 Drivers/STM32F4xx_HAL_Driver/Src/stm32f4xx_hal_i2s_ex.o
 .text.I2SEx_TxRxDMAError
                0x0000000008005784       0x80 Drivers/STM32F4xx_HAL_Driver/Src/stm32f4xx_hal_i2s_ex.o
 .text.I2SEx_TxISR_I2S
                0x0000000008005804       0x62 Drivers/STM32F4xx_HAL_Driver/Src/stm32f4xx_hal_i2s_ex.o
 *fill*         0x0000000008005866        0x2 
 .text.I2SEx_TxISR_I2SExt
                0x0000000008005868       0x98 Drivers/STM32F4xx_HAL_Driver/Src/stm32f4xx_hal_i2s_ex.o
 .text.I2SEx_RxISR_I2S
                0x0000000008005900       0x64 Drivers/STM32F4xx_HAL_Driver/Src/stm32f4xx_hal_i2s_ex.o
 .text.I2SEx_RxISR_I2SExt
                0x0000000008005964       0x98 Drivers/STM32F4xx_HAL_Driver/Src/stm32f4xx_hal_i2s_ex.o
 .text.HAL_RCC_OscConfig
                0x00000000080059fc      0x4e0 Drivers/STM32F4xx_HAL_Driver/Src/stm32f4xx_hal_rcc.o
                0x00000000080059fc                HAL_RCC_OscConfig
 .text.HAL_RCC_ClockConfig
                0x0000000008005edc      0x1cc Drivers/STM32F4xx_HAL_Driver/Src/stm32f4xx_hal_rcc.o
                0x0000000008005edc                HAL_RCC_ClockConfig
 .text.HAL_RCC_GetSysClockFreq
                0x00000000080060a8      0x164 Drivers/STM32F4xx_HAL_Driver/Src/stm32f4xx_hal_rcc.o
                0x00000000080060a8                HAL_RCC_GetSysClockFreq
 .text.HAL_RCC_GetHCLKFreq
                0x000000000800620c       0x18 Drivers/STM32F4xx_HAL_Driver/Src/stm32f4xx_hal_rcc.o
                0x000000000800620c                HAL_RCC_GetHCLKFreq
 .text.HAL_RCC_GetPCLK1Freq
                0x0000000008006224       0x28 Drivers/STM32F4xx_HAL_Driver/Src/stm32f4xx_hal_rcc.o
                0x0000000008006224                HAL_RCC_GetPCLK1Freq
 .text.HAL_RCC_GetPCLK2Freq
                0x000000000800624c       0x28 Drivers/STM32F4xx_HAL_Driver/Src/stm32f4xx_hal_rcc.o
                0x000000000800624c                HAL_RCC_GetPCLK2Freq
 .text.HAL_RCC_GetClockConfig
                0x0000000008006274       0x64 Drivers/STM32F4xx_HAL_Driver/Src/stm32f4xx_hal_rcc.o
                0x0000000008006274                HAL_RCC_GetClockConfig
 .text.HAL_RCCEx_PeriphCLKConfig
                0x00000000080062d8      0x1e0 Drivers/STM32F4xx_HAL_Driver/Src/stm32f4xx_hal_rcc_ex.o
                0x00000000080062d8                HAL_RCCEx_PeriphCLKConfig
 .text.HAL_RCCEx_GetPeriphCLKFreq
                0x00000000080064b8       0xbc Drivers/STM32F4xx_HAL_Driver/Src/stm32f4xx_hal_rcc_ex.o
                0x00000000080064b8                HAL_RCCEx_GetPeriphCLKFreq
 .text.HAL_RTC_Init
                0x0000000008006574      0x122 Drivers/STM32F4xx_HAL_Driver/Src/stm32f4xx_hal_rtc.o
                0x0000000008006574                HAL_RTC_Init
 .text.HAL_RTC_WaitForSynchro
                0x0000000008006696       0x50 Drivers/STM32F4xx_HAL_Driver/Src/stm32f4xx_hal_rtc.o
                0x0000000008006696                HAL_RTC_WaitForSynchro
 .text.RTC_EnterInitMode
                0x00000000080066e6       0x58 Drivers/STM32F4xx_HAL_Driver/Src/stm32f4xx_hal_rtc.o
                0x00000000080066e6                RTC_EnterInitMode
 .text.HAL_SPI_Init
                0x000000000800673e       0xc8 Drivers/STM32F4xx_HAL_Driver/Src/stm32f4xx_hal_spi.o
                0x000000000800673e                HAL_SPI_Init
 .text.HAL_SPI_TransmitReceive
                0x0000000008006806      0x344 Drivers/STM32F4xx_HAL_Driver/Src/stm32f4xx_hal_spi.o
                0x0000000008006806                HAL_SPI_TransmitReceive
 .text.SPI_WaitFlagStateUntilTimeout
                0x0000000008006b4a       0xd4 Drivers/STM32F4xx_HAL_Driver/Src/stm32f4xx_hal_spi.o
 *fill*         0x0000000008006c1e        0x2 
 .text.SPI_EndRxTxTransaction
                0x0000000008006c20       0x84 Drivers/STM32F4xx_HAL_Driver/Src/stm32f4xx_hal_spi.o
 .text.HAL_TIM_Base_Init
                0x0000000008006ca4       0x56 Drivers/STM32F4xx_HAL_Driver/Src/stm32f4xx_hal_tim.o
                0x0000000008006ca4                HAL_TIM_Base_Init
 .text.HAL_TIM_Base_MspInit
                0x0000000008006cfa       0x14 Drivers/STM32F4xx_HAL_Driver/Src/stm32f4xx_hal_tim.o
                0x0000000008006cfa                HAL_TIM_Base_MspInit
 .text.HAL_TIM_Base_Start_IT
                0x0000000008006d0e       0x48 Drivers/STM32F4xx_HAL_Driver/Src/stm32f4xx_hal_tim.o
                0x0000000008006d0e                HAL_TIM_Base_Start_IT
 .text.HAL_TIM_Encoder_Init
                0x0000000008006d56      0x124 Drivers/STM32F4xx_HAL_Driver/Src/stm32f4xx_hal_tim.o
                0x0000000008006d56                HAL_TIM_Encoder_Init
 .text.HAL_TIM_IRQHandler
                0x0000000008006e7a      0x210 Drivers/STM32F4xx_HAL_Driver/Src/stm32f4xx_hal_tim.o
                0x0000000008006e7a                HAL_TIM_IRQHandler
 .text.HAL_TIM_OC_DelayElapsedCallback
                0x000000000800708a       0x14 Drivers/STM32F4xx_HAL_Driver/Src/stm32f4xx_hal_tim.o
                0x000000000800708a                HAL_TIM_OC_DelayElapsedCallback
 .text.HAL_TIM_IC_CaptureCallback
                0x000000000800709e       0x14 Drivers/STM32F4xx_HAL_Driver/Src/stm32f4xx_hal_tim.o
                0x000000000800709e                HAL_TIM_IC_CaptureCallback
 .text.HAL_TIM_PWM_PulseFinishedCallback
                0x00000000080070b2       0x14 Drivers/STM32F4xx_HAL_Driver/Src/stm32f4xx_hal_tim.o
                0x00000000080070b2                HAL_TIM_PWM_PulseFinishedCallback
 .text.HAL_TIM_TriggerCallback
                0x00000000080070c6       0x14 Drivers/STM32F4xx_HAL_Driver/Src/stm32f4xx_hal_tim.o
                0x00000000080070c6                HAL_TIM_TriggerCallback
 *fill*         0x00000000080070da        0x2 
 .text.TIM_Base_SetConfig
                0x00000000080070dc      0x100 Drivers/STM32F4xx_HAL_Driver/Src/stm32f4xx_hal_tim.o
                0x00000000080070dc                TIM_Base_SetConfig
 .text.HAL_TIMEx_MasterConfigSynchronization
                0x00000000080071dc       0xdc Drivers/STM32F4xx_HAL_Driver/Src/stm32f4xx_hal_tim_ex.o
                0x00000000080071dc                HAL_TIMEx_MasterConfigSynchronization
 .text.HAL_TIMEx_CommutCallback
                0x00000000080072b8       0x14 Drivers/STM32F4xx_HAL_Driver/Src/stm32f4xx_hal_tim_ex.o
                0x00000000080072b8                HAL_TIMEx_CommutCallback
 .text.HAL_TIMEx_BreakCallback
                0x00000000080072cc       0x14 Drivers/STM32F4xx_HAL_Driver/Src/stm32f4xx_hal_tim_ex.o
                0x00000000080072cc                HAL_TIMEx_BreakCallback
 .text.makeFreeRtosPriority
                0x00000000080072e0       0x30 Middlewares/Third_Party/FreeRTOS/Source/CMSIS_RTOS/cmsis_os.o
 .text.osKernelStart
                0x0000000008007310        0xe Middlewares/Third_Party/FreeRTOS/Source/CMSIS_RTOS/cmsis_os.o
                0x0000000008007310                osKernelStart
 .text.osThreadCreate
                0x000000000800731e       0x98 Middlewares/Third_Party/FreeRTOS/Source/CMSIS_RTOS/cmsis_os.o
                0x000000000800731e                osThreadCreate
 .text.osDelay  0x00000000080073b6       0x28 Middlewares/Third_Party/FreeRTOS/Source/CMSIS_RTOS/cmsis_os.o
                0x00000000080073b6                osDelay
 .text.vListInitialise
                0x00000000080073de       0x40 Middlewares/Third_Party/FreeRTOS/Source/list.o
                0x00000000080073de                vListInitialise
 .text.vListInitialiseItem
                0x000000000800741e       0x1a Middlewares/Third_Party/FreeRTOS/Source/list.o
                0x000000000800741e                vListInitialiseItem
 .text.vListInsertEnd
                0x0000000008007438       0x48 Middlewares/Third_Party/FreeRTOS/Source/list.o
                0x0000000008007438                vListInsertEnd
 .text.vListInsert
                0x0000000008007480       0x72 Middlewares/Third_Party/FreeRTOS/Source/list.o
                0x0000000008007480                vListInsert
 .text.uxListRemove
                0x00000000080074f2       0x54 Middlewares/Third_Party/FreeRTOS/Source/list.o
                0x00000000080074f2                uxListRemove
 .text.xTaskCreateStatic
                0x0000000008007546       0xb4 Middlewares/Third_Party/FreeRTOS/Source/tasks.o
                0x0000000008007546                xTaskCreateStatic
 .text.xTaskCreate
                0x00000000080075fa       0x8a Middlewares/Third_Party/FreeRTOS/Source/tasks.o
                0x00000000080075fa                xTaskCreate
 .text.prvInitialiseNewTask
                0x0000000008007684      0x10c Middlewares/Third_Party/FreeRTOS/Source/tasks.o
 .text.prvAddNewTaskToReadyList
                0x0000000008007790       0xd4 Middlewares/Third_Party/FreeRTOS/Source/tasks.o
 .text.vTaskDelay
                0x0000000008007864       0x68 Middlewares/Third_Party/FreeRTOS/Source/tasks.o
                0x0000000008007864                vTaskDelay
 .text.vTaskStartScheduler
                0x00000000080078cc       0xbc Middlewares/Third_Party/FreeRTOS/Source/tasks.o
                0x00000000080078cc                vTaskStartScheduler
 .text.vTaskSuspendAll
                0x0000000008007988       0x1c Middlewares/Third_Party/FreeRTOS/Source/tasks.o
                0x0000000008007988                vTaskSuspendAll
 .text.xTaskResumeAll
                0x00000000080079a4      0x138 Middlewares/Third_Party/FreeRTOS/Source/tasks.o
                0x00000000080079a4                xTaskResumeAll
 .text.xTaskIncrementTick
                0x0000000008007adc      0x170 Middlewares/Third_Party/FreeRTOS/Source/tasks.o
                0x0000000008007adc                xTaskIncrementTick
 .text.vTaskSwitchContext
                0x0000000008007c4c       0xb4 Middlewares/Third_Party/FreeRTOS/Source/tasks.o
                0x0000000008007c4c                vTaskSwitchContext
 .text.prvIdleTask
                0x0000000008007d00       0x30 Middlewares/Third_Party/FreeRTOS/Source/tasks.o
 .text.prvInitialiseTaskLists
                0x0000000008007d30       0x80 Middlewares/Third_Party/FreeRTOS/Source/tasks.o
 .text.prvCheckTasksWaitingTermination
                0x0000000008007db0       0x58 Middlewares/Third_Party/FreeRTOS/Source/tasks.o
 .text.prvDeleteTCB
                0x0000000008007e08       0x5c Middlewares/Third_Party/FreeRTOS/Source/tasks.o
 .text.prvResetNextTaskUnblockTime
                0x0000000008007e64       0x40 Middlewares/Third_Party/FreeRTOS/Source/tasks.o
 .text.xTaskGetCurrentTaskHandle
                0x0000000008007ea4       0x20 Middlewares/Third_Party/FreeRTOS/Source/tasks.o
                0x0000000008007ea4                xTaskGetCurrentTaskHandle
 .text.ulTaskNotifyTake
                0x0000000008007ec4       0x90 Middlewares/Third_Party/FreeRTOS/Source/tasks.o
                0x0000000008007ec4                ulTaskNotifyTake
 .text.vTaskNotifyGiveFromISR
                0x0000000008007f54      0x11c Middlewares/Third_Party/FreeRTOS/Source/tasks.o
                0x0000000008007f54                vTaskNotifyGiveFromISR
 .text.prvAddCurrentTaskToDelayedList
                0x0000000008008070       0xcc Middlewares/Third_Party/FreeRTOS/Source/tasks.o
 .text.pxPortInitialiseStack
                0x000000000800813c       0x68 Middlewares/Third_Party/FreeRTOS/Source/portable/GCC/ARM_CM4F/port.o
                0x000000000800813c                pxPortInitialiseStack
 .text.prvTaskExitError
                0x00000000080081a4       0x54 Middlewares/Third_Party/FreeRTOS/Source/portable/GCC/ARM_CM4F/port.o
 *fill*         0x00000000080081f8        0x8 
 .text.SVC_Handler
                0x0000000008008200       0x28 Middlewares/Third_Party/FreeRTOS/Source/portable/GCC/ARM_CM4F/port.o
                0x0000000008008200                SVC_Handler
 .text.prvPortStartFirstTask
                0x0000000008008228       0x28 Middlewares/Third_Party/FreeRTOS/Source/portable/GCC/ARM_CM4F/port.o
 .text.xPortStartScheduler
                0x0000000008008250      0x13c Middlewares/Third_Party/FreeRTOS/Source/portable/GCC/ARM_CM4F/port.o
                0x0000000008008250                xPortStartScheduler
 .text.vPortEnterCritical
                0x000000000800838c       0x5c Middlewares/Third_Party/FreeRTOS/Source/portable/GCC/ARM_CM4F/port.o
                0x000000000800838c                vPortEnterCritical
 .text.vPortExitCritical
                0x00000000080083e8       0x50 Middlewares/Third_Party/FreeRTOS/Source/portable/GCC/ARM_CM4F/port.o
                0x00000000080083e8                vPortExitCritical
 *fill*         0x0000000008008438        0x8 
 .text.PendSV_Handler
                0x0000000008008440       0x68 Middlewares/Third_Party/FreeRTOS/Source/portable/GCC/ARM_CM4F/port.o
                0x0000000008008440                PendSV_Handler
 .text.SysTick_Handler
                0x00000000080084a8       0x40 Middlewares/Third_Party/FreeRTOS/Source/portable/GCC/ARM_CM4F/port.o
                0x00000000080084a8                SysTick_Handler
 .text.vPortSetupTimerInterrupt
                0x00000000080084e8       0x48 Middlewares/Third_Party/FreeRTOS/Source/portable/GCC/ARM_CM4F/port.o
                0x00000000080084e8                vPortSetupTimerInterrupt
 .text.vPortEnableVFP
                0x0000000008008530       0x14 Middlewares/Third_Party/FreeRTOS/Source/portable/GCC/ARM_CM4F/port.o
 .text.vPortValidateInterruptPriority
                0x0000000008008544       0x7c Middlewares/Third_Party/FreeRTOS/Source/portable/GCC/ARM_CM4F/port.o
                0x0000000008008544                vPortValidateInterruptPriority
 .text.pvPortMalloc
                0x00000000080085c0      0x184 Middlewares/Third_Party/FreeRTOS/Source/portable/MemMang/heap_4.o
                0x00000000080085c0                pvPortMalloc
 .text.vPortFree
                0x0000000008008744       0xb0 Middlewares/Third_Party/FreeRTOS/Source/portable/MemMang/heap_4.o
                0x0000000008008744                vPortFree
 .text.prvHeapInit
                0x00000000080087f4       0xc4 Middlewares/Third_Party/FreeRTOS/Source/portable/MemMang/heap_4.o
 .text.prvInsertBlockIntoFreeList
                0x00000000080088b8       0xb4 Middlewares/Third_Party/FreeRTOS/Source/portable/MemMang/heap_4.o
 .text.arm_copy_q15
                0x000000000800896c       0x4c ..//libarm_cortexM4lf_math.a(arm_copy_q15.o)
                0x000000000800896c                arm_copy_q15
 .text.arm_copy_q7
                0x00000000080089b8       0x38 ..//libarm_cortexM4lf_math.a(arm_copy_q7.o)
                0x00000000080089b8                arm_copy_q7
 .text.arm_max_f32
                0x00000000080089f0       0xd0 ..//libarm_cortexM4lf_math.a(arm_max_f32.o)
                0x00000000080089f0                arm_max_f32
 .text.arm_cfft_radix8by2_f32
                0x0000000008008ac0      0x1a0 ..//libarm_cortexM4lf_math.a(arm_cfft_f32.o)
                0x0000000008008ac0                arm_cfft_radix8by2_f32
 .text.arm_cfft_radix8by4_f32
                0x0000000008008c60      0x4bc ..//libarm_cortexM4lf_math.a(arm_cfft_f32.o)
                0x0000000008008c60                arm_cfft_radix8by4_f32
 .text.arm_cfft_f32
                0x000000000800911c       0xf4 ..//libarm_cortexM4lf_math.a(arm_cfft_f32.o)
                0x000000000800911c                arm_cfft_f32
 .text.arm_cmplx_mag_f32
                0x0000000008009210      0x1d0 ..//libarm_cortexM4lf_math.a(arm_cmplx_mag_f32.o)
                0x0000000008009210                arm_cmplx_mag_f32
 .text.arm_radix8_butterfly_f32
                0x00000000080093e0      0x5e4 ..//libarm_cortexM4lf_math.a(arm_cfft_radix8_f32.o)
                0x00000000080093e0                arm_radix8_butterfly_f32
 .text.sqrtf    0x00000000080099c4       0xa0 /Applications/STM32CubeIDE.app/Contents/Eclipse/plugins/com.st.stm32cube.ide.mcu.externaltools.gnu-tools-for-stm32.7-2018-q2-update.macos64_1.0.0.201904181610/tools/bin/../lib/gcc/arm-none-eabi/7.3.1/../../../../arm-none-eabi/lib/thumb/v7e-m/fpv4-sp/hard/libm.a(lib_a-wf_sqrt.o)
                0x00000000080099c4                sqrtf
 .text.__ieee754_sqrtf
                0x0000000008009a64        0x6 /Applications/STM32CubeIDE.app/Contents/Eclipse/plugins/com.st.stm32cube.ide.mcu.externaltools.gnu-tools-for-stm32.7-2018-q2-update.macos64_1.0.0.201904181610/tools/bin/../lib/gcc/arm-none-eabi/7.3.1/../../../../arm-none-eabi/lib/thumb/v7e-m/fpv4-sp/hard/libm.a(lib_a-ef_sqrt.o)
                0x0000000008009a64                __ieee754_sqrtf
 .text.matherr  0x0000000008009a6a        0x4 /Applications/STM32CubeIDE.app/Contents/Eclipse/plugins/com.st.stm32cube.ide.mcu.externaltools.gnu-tools-for-stm32.7-2018-q2-update.macos64_1.0.0.201904181610/tools/bin/../lib/gcc/arm-none-eabi/7.3.1/../../../../arm-none-eabi/lib/thumb/v7e-m/fpv4-sp/hard/libm.a(lib_a-s_matherr.o)
                0x0000000008009a6a                matherr
 *fill*         0x0000000008009a6e        0x2 
 .text.__errno  0x0000000008009a70        0xc /Applications/STM32CubeIDE.app/Contents/Eclipse/plugins/com.st.stm32cube.ide.mcu.externaltools.gnu-tools-for-stm32.7-2018-q2-update.macos64_1.0.0.201904181610/tools/bin/../lib/gcc/arm-none-eabi/7.3.1/../../../../arm-none-eabi/lib/thumb/v7e-m/fpv4-sp/hard/libc_nano.a(lib_a-errno.o)
                0x0000000008009a70                __errno
 .text.__libc_init_array
                0x0000000008009a7c       0x48 /Applications/STM32CubeIDE.app/Contents/Eclipse/plugins/com.st.stm32cube.ide.mcu.externaltools.gnu-tools-for-stm32.7-2018-q2-update.macos64_1.0.0.201904181610/tools/bin/../lib/gcc/arm-none-eabi/7.3.1/../../../../arm-none-eabi/lib/thumb/v7e-m/fpv4-sp/hard/libc_nano.a(lib_a-init.o)
                0x0000000008009a7c                __libc_init_array
 .text.memset   0x0000000008009ac4       0x10 /Applications/STM32CubeIDE.app/Contents/Eclipse/plugins/com.st.stm32cube.ide.mcu.externaltools.gnu-tools-for-stm32.7-2018-q2-update.macos64_1.0.0.201904181610/tools/bin/../lib/gcc/arm-none-eabi/7.3.1/../../../../arm-none-eabi/lib/thumb/v7e-m/fpv4-sp/hard/libc_nano.a(lib_a-memset.o)
                0x0000000008009ac4                memset
 *(.glue_7)
 .glue_7        0x0000000008009ad4        0x0 linker stubs
 *(.glue_7t)
 .glue_7t       0x0000000008009ad4        0x0 linker stubs
 *(.eh_frame)
 .eh_frame      0x0000000008009ad4        0x0 /Applications/STM32CubeIDE.app/Contents/Eclipse/plugins/com.st.stm32cube.ide.mcu.externaltools.gnu-tools-for-stm32.7-2018-q2-update.macos64_1.0.0.201904181610/tools/bin/../lib/gcc/arm-none-eabi/7.3.1/thumb/v7e-m/fpv4-sp/hard/crtbegin.o
 *(.init)
 .init          0x0000000008009ad4        0x4 /Applications/STM32CubeIDE.app/Contents/Eclipse/plugins/com.st.stm32cube.ide.mcu.externaltools.gnu-tools-for-stm32.7-2018-q2-update.macos64_1.0.0.201904181610/tools/bin/../lib/gcc/arm-none-eabi/7.3.1/thumb/v7e-m/fpv4-sp/hard/crti.o
                0x0000000008009ad4                _init
 .init          0x0000000008009ad8        0x8 /Applications/STM32CubeIDE.app/Contents/Eclipse/plugins/com.st.stm32cube.ide.mcu.externaltools.gnu-tools-for-stm32.7-2018-q2-update.macos64_1.0.0.201904181610/tools/bin/../lib/gcc/arm-none-eabi/7.3.1/thumb/v7e-m/fpv4-sp/hard/crtn.o
 *(.fini)
 .fini          0x0000000008009ae0        0x4 /Applications/STM32CubeIDE.app/Contents/Eclipse/plugins/com.st.stm32cube.ide.mcu.externaltools.gnu-tools-for-stm32.7-2018-q2-update.macos64_1.0.0.201904181610/tools/bin/../lib/gcc/arm-none-eabi/7.3.1/thumb/v7e-m/fpv4-sp/hard/crti.o
                0x0000000008009ae0                _fini
 .fini          0x0000000008009ae4        0x8 /Applications/STM32CubeIDE.app/Contents/Eclipse/plugins/com.st.stm32cube.ide.mcu.externaltools.gnu-tools-for-stm32.7-2018-q2-update.macos64_1.0.0.201904181610/tools/bin/../lib/gcc/arm-none-eabi/7.3.1/thumb/v7e-m/fpv4-sp/hard/crtn.o
                0x0000000008009aec                . = ALIGN (0x4)
                0x0000000008009aec                _etext = .

.vfp11_veneer   0x0000000008009aec        0x0
 .vfp11_veneer  0x0000000008009aec        0x0 linker stubs

.v4_bx          0x0000000008009aec        0x0
 .v4_bx         0x0000000008009aec        0x0 linker stubs

.iplt           0x0000000008009aec        0x0
 .iplt          0x0000000008009aec        0x0 /Applications/STM32CubeIDE.app/Contents/Eclipse/plugins/com.st.stm32cube.ide.mcu.externaltools.gnu-tools-for-stm32.7-2018-q2-update.macos64_1.0.0.201904181610/tools/bin/../lib/gcc/arm-none-eabi/7.3.1/thumb/v7e-m/fpv4-sp/hard/crtbegin.o

.rodata         0x0000000008009aec     0x2ae8
                0x0000000008009aec                . = ALIGN (0x4)
 *(.rodata)
 .rodata        0x0000000008009aec       0x51 Core/Src/Lcd/st7735.o
 *fill*         0x0000000008009b3d        0x3 
 .rodata        0x0000000008009b40       0x50 Core/Src/main.o
 .rodata        0x0000000008009b90        0x5 Middlewares/Third_Party/FreeRTOS/Source/tasks.o
 *(.rodata*)
 *fill*         0x0000000008009b95        0x3 
 .rodata.waterfall_rainbow
                0x0000000008009b98       0x82 Core/Src/App/audioproc.o
                0x0000000008009b98                waterfall_rainbow
 *fill*         0x0000000008009c1a        0x2 
 .rodata.Font24_Table
                0x0000000008009c1c     0x1ab8 Core/Src/Lcd/Fonts/font24.o
                0x0000000008009c1c                Font24_Table
 .rodata.Font8_Table
                0x000000000800b6d4      0x2f8 Core/Src/Lcd/Fonts/font8.o
                0x000000000800b6d4                Font8_Table
 .rodata.AHBPrescTable
                0x000000000800b9cc       0x10 Core/Src/system_stm32f4xx.o
                0x000000000800b9cc                AHBPrescTable
 .rodata.APBPrescTable
                0x000000000800b9dc        0x8 Core/Src/system_stm32f4xx.o
                0x000000000800b9dc                APBPrescTable
 .rodata.flagBitshiftOffset.8534
                0x000000000800b9e4        0x8 Drivers/STM32F4xx_HAL_Driver/Src/stm32f4xx_hal_dma.o
 .rodata.arm_cfft_sR_f32_len256
                0x000000000800b9ec       0x10 ..//libarm_cortexM4lf_math.a(arm_const_structs.o)
                0x000000000800b9ec                arm_cfft_sR_f32_len256
 .rodata.twiddleCoef_256
                0x000000000800b9fc      0x800 ..//libarm_cortexM4lf_math.a(arm_common_tables.o)
                0x000000000800b9fc                twiddleCoef_256
 .rodata.armBitRevIndexTable256
                0x000000000800c1fc      0x370 ..//libarm_cortexM4lf_math.a(arm_common_tables.o)
                0x000000000800c1fc                armBitRevIndexTable256
 .rodata.sqrtf.str1.1
                0x000000000800c56c        0x6 /Applications/STM32CubeIDE.app/Contents/Eclipse/plugins/com.st.stm32cube.ide.mcu.externaltools.gnu-tools-for-stm32.7-2018-q2-update.macos64_1.0.0.201904181610/tools/bin/../lib/gcc/arm-none-eabi/7.3.1/../../../../arm-none-eabi/lib/thumb/v7e-m/fpv4-sp/hard/libm.a(lib_a-wf_sqrt.o)
 *fill*         0x000000000800c572        0x2 
 .rodata.__sf_fake_stderr
                0x000000000800c574       0x20 /Applications/STM32CubeIDE.app/Contents/Eclipse/plugins/com.st.stm32cube.ide.mcu.externaltools.gnu-tools-for-stm32.7-2018-q2-update.macos64_1.0.0.201904181610/tools/bin/../lib/gcc/arm-none-eabi/7.3.1/../../../../arm-none-eabi/lib/thumb/v7e-m/fpv4-sp/hard/libc_nano.a(lib_a-findfp.o)
                0x000000000800c574                __sf_fake_stderr
 .rodata.__sf_fake_stdin
                0x000000000800c594       0x20 /Applications/STM32CubeIDE.app/Contents/Eclipse/plugins/com.st.stm32cube.ide.mcu.externaltools.gnu-tools-for-stm32.7-2018-q2-update.macos64_1.0.0.201904181610/tools/bin/../lib/gcc/arm-none-eabi/7.3.1/../../../../arm-none-eabi/lib/thumb/v7e-m/fpv4-sp/hard/libc_nano.a(lib_a-findfp.o)
                0x000000000800c594                __sf_fake_stdin
 .rodata.__sf_fake_stdout
                0x000000000800c5b4       0x20 /Applications/STM32CubeIDE.app/Contents/Eclipse/plugins/com.st.stm32cube.ide.mcu.externaltools.gnu-tools-for-stm32.7-2018-q2-update.macos64_1.0.0.201904181610/tools/bin/../lib/gcc/arm-none-eabi/7.3.1/../../../../arm-none-eabi/lib/thumb/v7e-m/fpv4-sp/hard/libc_nano.a(lib_a-findfp.o)
                0x000000000800c5b4                __sf_fake_stdout
                0x000000000800c5d4                . = ALIGN (0x4)

.ARM.extab      0x000000000800c5d4        0x0
                0x000000000800c5d4                . = ALIGN (0x4)
 *(.ARM.extab* .gnu.linkonce.armextab.*)
                0x000000000800c5d4                . = ALIGN (0x4)

.ARM            0x000000000800c5d4        0x8
                0x000000000800c5d4                . = ALIGN (0x4)
                0x000000000800c5d4                __exidx_start = .
 *(.ARM.exidx*)
 .ARM.exidx     0x000000000800c5d4        0x8 /Applications/STM32CubeIDE.app/Contents/Eclipse/plugins/com.st.stm32cube.ide.mcu.externaltools.gnu-tools-for-stm32.7-2018-q2-update.macos64_1.0.0.201904181610/tools/bin/../lib/gcc/arm-none-eabi/7.3.1/thumb/v7e-m/fpv4-sp/hard/libgcc.a(_udivmoddi4.o)
                0x000000000800c5dc                __exidx_end = .
                0x000000000800c5dc                . = ALIGN (0x4)

.rel.dyn        0x000000000800c5dc        0x0
 .rel.iplt      0x000000000800c5dc        0x0 /Applications/STM32CubeIDE.app/Contents/Eclipse/plugins/com.st.stm32cube.ide.mcu.externaltools.gnu-tools-for-stm32.7-2018-q2-update.macos64_1.0.0.201904181610/tools/bin/../lib/gcc/arm-none-eabi/7.3.1/thumb/v7e-m/fpv4-sp/hard/crtbegin.o

.preinit_array  0x000000000800c5dc        0x0
                0x000000000800c5dc                . = ALIGN (0x4)
                0x000000000800c5dc                PROVIDE (__preinit_array_start = .)
 *(.preinit_array*)
                0x000000000800c5dc                PROVIDE (__preinit_array_end = .)
                0x000000000800c5dc                . = ALIGN (0x4)

.init_array     0x000000000800c5dc        0x4
                0x000000000800c5dc                . = ALIGN (0x4)
                0x000000000800c5dc                PROVIDE (__init_array_start = .)
 *(SORT_BY_NAME(.init_array.*))
 *(.init_array*)
 .init_array    0x000000000800c5dc        0x4 /Applications/STM32CubeIDE.app/Contents/Eclipse/plugins/com.st.stm32cube.ide.mcu.externaltools.gnu-tools-for-stm32.7-2018-q2-update.macos64_1.0.0.201904181610/tools/bin/../lib/gcc/arm-none-eabi/7.3.1/thumb/v7e-m/fpv4-sp/hard/crtbegin.o
                0x000000000800c5e0                PROVIDE (__init_array_end = .)
                0x000000000800c5e0                . = ALIGN (0x4)

.fini_array     0x000000000800c5e0        0x4
                0x000000000800c5e0                . = ALIGN (0x4)
                [!provide]                        PROVIDE (__fini_array_start = .)
 *(SORT_BY_NAME(.fini_array.*))
 *(.fini_array*)
 .fini_array    0x000000000800c5e0        0x4 /Applications/STM32CubeIDE.app/Contents/Eclipse/plugins/com.st.stm32cube.ide.mcu.externaltools.gnu-tools-for-stm32.7-2018-q2-update.macos64_1.0.0.201904181610/tools/bin/../lib/gcc/arm-none-eabi/7.3.1/thumb/v7e-m/fpv4-sp/hard/crtbegin.o
                [!provide]                        PROVIDE (__fini_array_end = .)
                0x000000000800c5e4                . = ALIGN (0x4)
                0x000000000800c5e4                _sidata = LOADADDR (.data)

.data           0x0000000020000000     0x2170 load address 0x000000000800c5e4
                0x0000000020000000                . = ALIGN (0x4)
                0x0000000020000000                _sdata = .
 *(.data)
 *(.data*)
 .data.d0       0x0000000020000000      0x2ee Core/Src/App/test.o
                0x0000000020000000                d0
 *fill*         0x00000000200002ee        0x2 
 .data.d1       0x00000000200002f0      0x2ee Core/Src/App/test.o
                0x00000000200002f0                d1
 *fill*         0x00000000200005de        0x2 
 .data.d2       0x00000000200005e0      0x2ee Core/Src/App/test.o
                0x00000000200005e0                d2
 *fill*         0x00000000200008ce        0x2 
 .data.d3       0x00000000200008d0      0x2ee Core/Src/App/test.o
                0x00000000200008d0                d3
 *fill*         0x0000000020000bbe        0x2 
 .data.d4       0x0000000020000bc0      0x2ee Core/Src/App/test.o
                0x0000000020000bc0                d4
 *fill*         0x0000000020000eae        0x2 
 .data.d5       0x0000000020000eb0      0x2ee Core/Src/App/test.o
                0x0000000020000eb0                d5
 *fill*         0x000000002000119e        0x2 
 .data.d6       0x00000000200011a0      0x2ee Core/Src/App/test.o
                0x00000000200011a0                d6
 *fill*         0x000000002000148e        0x2 
 .data.d7       0x0000000020001490      0x2ee Core/Src/App/test.o
                0x0000000020001490                d7
 *fill*         0x000000002000177e        0x2 
 .data.d8       0x0000000020001780      0x2ee Core/Src/App/test.o
                0x0000000020001780                d8
 *fill*         0x0000000020001a6e        0x2 
 .data.d9       0x0000000020001a70      0x2ee Core/Src/App/test.o
                0x0000000020001a70                d9
 *fill*         0x0000000020001d5e        0x2 
 .data.de       0x0000000020001d60      0x2ee Core/Src/App/test.o
                0x0000000020001d60                de
 *fill*         0x000000002000204e        0x2 
 .data.dig      0x0000000020002050       0x2c Core/Src/App/test.o
                0x0000000020002050                dig
 .data.currentFramebuffer
                0x000000002000207c        0x4 Core/Src/App/test.o
                0x000000002000207c                currentFramebuffer
 .data.DevAddr  0x0000000020002080        0x1 Core/Src/App/wm8731.o
 .data.resetAddr
                0x0000000020002081        0x1 Core/Src/App/wm8731.o
 .data.pdccAddr
                0x0000000020002082        0x1 Core/Src/App/wm8731.o
 .data.daifAddr
                0x0000000020002083        0x1 Core/Src/App/wm8731.o
 .data.daifData
                0x0000000020002084        0x1 Core/Src/App/wm8731.o
 *fill*         0x0000000020002085        0x3 
 .data.linVolData
                0x0000000020002088        0x1 Core/Src/App/wm8731.o
 .data.rinVolAddr
                0x0000000020002089        0x1 Core/Src/App/wm8731.o
 *fill*         0x000000002000208a        0x2 
 .data.rinVolData
                0x000000002000208c        0x1 Core/Src/App/wm8731.o
 .data.lhpVolAddr
                0x000000002000208d        0x1 Core/Src/App/wm8731.o
 *fill*         0x000000002000208e        0x2 
 .data.lhpVolData
                0x0000000020002090        0x1 Core/Src/App/wm8731.o
 .data.rhpVolAddr
                0x0000000020002091        0x1 Core/Src/App/wm8731.o
 *fill*         0x0000000020002092        0x2 
 .data.rhpVolData
                0x0000000020002094        0x1 Core/Src/App/wm8731.o
 .data.sampAddr
                0x0000000020002095        0x1 Core/Src/App/wm8731.o
 *fill*         0x0000000020002096        0x2 
 .data.sampData
                0x0000000020002098        0x1 Core/Src/App/wm8731.o
 .data.aapcAddr
                0x0000000020002099        0x1 Core/Src/App/wm8731.o
 *fill*         0x000000002000209a        0x2 
 .data.aapcData
                0x000000002000209c        0x1 Core/Src/App/wm8731.o
 .data.dapcAddr
                0x000000002000209d        0x1 Core/Src/App/wm8731.o
 .data.aaccAddr
                0x000000002000209e        0x1 Core/Src/App/wm8731.o
 *fill*         0x000000002000209f        0x1 
 .data.aaccData
                0x00000000200020a0        0x1 Core/Src/App/wm8731.o
 *fill*         0x00000000200020a1        0x3 
 .data.Font24   0x00000000200020a4        0x8 Core/Src/Lcd/Fonts/font24.o
                0x00000000200020a4                Font24
 .data.Font8    0x00000000200020ac        0x8 Core/Src/Lcd/Fonts/font8.o
                0x00000000200020ac                Font8
 .data.st7735_drv
                0x00000000200020b4       0x40 Core/Src/Lcd/st7735.o
                0x00000000200020b4                st7735_drv
 .data.lcd_drv  0x00000000200020f4        0x4 Core/Src/Lcd/st7735.o
                0x00000000200020f4                lcd_drv
 .data.SystemCoreClock
                0x00000000200020f8        0x4 Core/Src/system_stm32f4xx.o
                0x00000000200020f8                SystemCoreClock
 .data.uwTickPrio
                0x00000000200020fc        0x4 Drivers/STM32F4xx_HAL_Driver/Src/stm32f4xx_hal.o
                0x00000000200020fc                uwTickPrio
 .data.uwTickFreq
                0x0000000020002100        0x1 Drivers/STM32F4xx_HAL_Driver/Src/stm32f4xx_hal.o
                0x0000000020002100                uwTickFreq
 *fill*         0x0000000020002101        0x3 
 .data.uxCriticalNesting
                0x0000000020002104        0x4 Middlewares/Third_Party/FreeRTOS/Source/portable/GCC/ARM_CM4F/port.o
 .data.__fdlib_version
                0x0000000020002108        0x1 /Applications/STM32CubeIDE.app/Contents/Eclipse/plugins/com.st.stm32cube.ide.mcu.externaltools.gnu-tools-for-stm32.7-2018-q2-update.macos64_1.0.0.201904181610/tools/bin/../lib/gcc/arm-none-eabi/7.3.1/../../../../arm-none-eabi/lib/thumb/v7e-m/fpv4-sp/hard/libm.a(lib_a-s_lib_ver.o)
                0x0000000020002108                __fdlib_version
 *fill*         0x0000000020002109        0x3 
 .data._impure_ptr
                0x000000002000210c        0x4 /Applications/STM32CubeIDE.app/Contents/Eclipse/plugins/com.st.stm32cube.ide.mcu.externaltools.gnu-tools-for-stm32.7-2018-q2-update.macos64_1.0.0.201904181610/tools/bin/../lib/gcc/arm-none-eabi/7.3.1/../../../../arm-none-eabi/lib/thumb/v7e-m/fpv4-sp/hard/libc_nano.a(lib_a-impure.o)
                0x000000002000210c                _impure_ptr
 .data.impure_data
                0x0000000020002110       0x60 /Applications/STM32CubeIDE.app/Contents/Eclipse/plugins/com.st.stm32cube.ide.mcu.externaltools.gnu-tools-for-stm32.7-2018-q2-update.macos64_1.0.0.201904181610/tools/bin/../lib/gcc/arm-none-eabi/7.3.1/../../../../arm-none-eabi/lib/thumb/v7e-m/fpv4-sp/hard/libc_nano.a(lib_a-impure.o)
                0x0000000020002170                . = ALIGN (0x4)
                0x0000000020002170                _edata = .

.igot.plt       0x0000000020002170        0x0 load address 0x000000000800e754
 .igot.plt      0x0000000020002170        0x0 /Applications/STM32CubeIDE.app/Contents/Eclipse/plugins/com.st.stm32cube.ide.mcu.externaltools.gnu-tools-for-stm32.7-2018-q2-update.macos64_1.0.0.201904181610/tools/bin/../lib/gcc/arm-none-eabi/7.3.1/thumb/v7e-m/fpv4-sp/hard/crtbegin.o
                0x0000000020002170                . = ALIGN (0x4)

.bss            0x0000000020002170     0xed8c load address 0x000000000800e754
                0x0000000020002170                _sbss = .
                0x0000000020002170                __bss_start__ = _sbss
 *(.bss)
 .bss           0x0000000020002170       0x1c /Applications/STM32CubeIDE.app/Contents/Eclipse/plugins/com.st.stm32cube.ide.mcu.externaltools.gnu-tools-for-stm32.7-2018-q2-update.macos64_1.0.0.201904181610/tools/bin/../lib/gcc/arm-none-eabi/7.3.1/thumb/v7e-m/fpv4-sp/hard/crtbegin.o
 *(.bss*)
 .bss.fftSamples
                0x000000002000218c      0x400 Core/Src/App/audioproc.o
                0x000000002000218c                fftSamples
 .bss.renderingRequested
                0x000000002000258c        0x1 Core/Src/App/test.o
 *fill*         0x000000002000258d        0x3 
 .bss.fftTaskToNotify
                0x0000000020002590        0x4 Core/Src/App/test.o
                0x0000000020002590                fftTaskToNotify
 .bss.RX_BUFFER
                0x0000000020002594      0x800 Core/Src/App/wm8731.o
                0x0000000020002594                RX_BUFFER
 .bss.TX_BUFFER
                0x0000000020002d94      0x800 Core/Src/App/wm8731.o
                0x0000000020002d94                TX_BUFFER
 .bss.resetData
                0x0000000020003594        0x1 Core/Src/App/wm8731.o
 *fill*         0x0000000020003595        0x3 
 .bss.pdccData  0x0000000020003598        0x1 Core/Src/App/wm8731.o
 .bss.linVolAddr
                0x0000000020003599        0x1 Core/Src/App/wm8731.o
 *fill*         0x000000002000359a        0x2 
 .bss.dapcData  0x000000002000359c        0x1 Core/Src/App/wm8731.o
 *fill*         0x000000002000359d        0x3 
 .bss.LCD_IO_DmaTransferStatus
                0x00000000200035a0        0x4 Core/Src/Lcd/lcd_io_spi.o
                0x00000000200035a0                LCD_IO_DmaTransferStatus
 .bss.d8s.9232  0x00000000200035a4        0x1 Core/Src/Lcd/lcd_io_spi.o
 *fill*         0x00000000200035a5        0x1 
 .bss.d16s.9242
                0x00000000200035a6        0x2 Core/Src/Lcd/lcd_io_spi.o
 .bss.Is_st7735_Initialized
                0x00000000200035a8        0x1 Core/Src/Lcd/st7735.o
 *fill*         0x00000000200035a9        0x1 
 .bss.yStart    0x00000000200035aa        0x2 Core/Src/Lcd/st7735.o
 .bss.yEnd      0x00000000200035ac        0x2 Core/Src/Lcd/st7735.o
 *fill*         0x00000000200035ae        0x2 
 .bss.xIdleTaskTCBBuffer
                0x00000000200035b0       0x54 Core/Src/freertos.o
 .bss.xIdleStack
                0x0000000020003604      0x200 Core/Src/freertos.o
 .bss.pxCurrentTCB
                0x0000000020003804        0x4 Middlewares/Third_Party/FreeRTOS/Source/tasks.o
                0x0000000020003804                pxCurrentTCB
 .bss.pxReadyTasksLists
                0x0000000020003808       0x8c Middlewares/Third_Party/FreeRTOS/Source/tasks.o
 .bss.xDelayedTaskList1
                0x0000000020003894       0x14 Middlewares/Third_Party/FreeRTOS/Source/tasks.o
 .bss.xDelayedTaskList2
                0x00000000200038a8       0x14 Middlewares/Third_Party/FreeRTOS/Source/tasks.o
 .bss.pxDelayedTaskList
                0x00000000200038bc        0x4 Middlewares/Third_Party/FreeRTOS/Source/tasks.o
 .bss.pxOverflowDelayedTaskList
                0x00000000200038c0        0x4 Middlewares/Third_Party/FreeRTOS/Source/tasks.o
 .bss.xPendingReadyList
                0x00000000200038c4       0x14 Middlewares/Third_Party/FreeRTOS/Source/tasks.o
 .bss.xTasksWaitingTermination
                0x00000000200038d8       0x14 Middlewares/Third_Party/FreeRTOS/Source/tasks.o
 .bss.uxDeletedTasksWaitingCleanUp
                0x00000000200038ec        0x4 Middlewares/Third_Party/FreeRTOS/Source/tasks.o
 .bss.xSuspendedTaskList
                0x00000000200038f0       0x14 Middlewares/Third_Party/FreeRTOS/Source/tasks.o
 .bss.uxCurrentNumberOfTasks
                0x0000000020003904        0x4 Middlewares/Third_Party/FreeRTOS/Source/tasks.o
 .bss.xTickCount
                0x0000000020003908        0x4 Middlewares/Third_Party/FreeRTOS/Source/tasks.o
 .bss.uxTopReadyPriority
                0x000000002000390c        0x4 Middlewares/Third_Party/FreeRTOS/Source/tasks.o
 .bss.xSchedulerRunning
                0x0000000020003910        0x4 Middlewares/Third_Party/FreeRTOS/Source/tasks.o
 .bss.uxPendedTicks
                0x0000000020003914        0x4 Middlewares/Third_Party/FreeRTOS/Source/tasks.o
 .bss.xYieldPending
                0x0000000020003918        0x4 Middlewares/Third_Party/FreeRTOS/Source/tasks.o
 .bss.xNumOfOverflows
                0x000000002000391c        0x4 Middlewares/Third_Party/FreeRTOS/Source/tasks.o
 .bss.uxTaskNumber
                0x0000000020003920        0x4 Middlewares/Third_Party/FreeRTOS/Source/tasks.o
 .bss.xNextTaskUnblockTime
                0x0000000020003924        0x4 Middlewares/Third_Party/FreeRTOS/Source/tasks.o
 .bss.xIdleTaskHandle
                0x0000000020003928        0x4 Middlewares/Third_Party/FreeRTOS/Source/tasks.o
 .bss.uxSchedulerSuspended
                0x000000002000392c        0x4 Middlewares/Third_Party/FreeRTOS/Source/tasks.o
 .bss.ucMaxSysCallPriority
                0x0000000020003930        0x1 Middlewares/Third_Party/FreeRTOS/Source/portable/GCC/ARM_CM4F/port.o
 *fill*         0x0000000020003931        0x3 
 .bss.ulMaxPRIGROUPValue
                0x0000000020003934        0x4 Middlewares/Third_Party/FreeRTOS/Source/portable/GCC/ARM_CM4F/port.o
 .bss.ucHeap    0x0000000020003938     0x3c00 Middlewares/Third_Party/FreeRTOS/Source/portable/MemMang/heap_4.o
 .bss.xStart    0x0000000020007538        0x8 Middlewares/Third_Party/FreeRTOS/Source/portable/MemMang/heap_4.o
 .bss.pxEnd     0x0000000020007540        0x4 Middlewares/Third_Party/FreeRTOS/Source/portable/MemMang/heap_4.o
 .bss.xFreeBytesRemaining
                0x0000000020007544        0x4 Middlewares/Third_Party/FreeRTOS/Source/portable/MemMang/heap_4.o
 .bss.xMinimumEverFreeBytesRemaining
                0x0000000020007548        0x4 Middlewares/Third_Party/FreeRTOS/Source/portable/MemMang/heap_4.o
 .bss.xBlockAllocatedBit
                0x000000002000754c        0x4 Middlewares/Third_Party/FreeRTOS/Source/portable/MemMang/heap_4.o
 *(COMMON)
 COMMON         0x0000000020007550     0x1700 Core/Src/App/audioproc.o
                0x0000000020007550                row_colors
                0x0000000020007750                q_buffer
                0x0000000020007f50                row_indices
                0x0000000020008050                fft_buffer
                0x0000000020008450                i_buffer
 COMMON         0x0000000020008c50     0x7f00 Core/Src/App/test.o
                0x0000000020008c50                row_bars
                0x000000002000a050                framebuffer2
                0x000000002000d550                framebuffer1
                0x0000000020010a50                localRowIndices
 COMMON         0x0000000020010b50        0xc Core/Src/Lcd/stm32_adafruit_lcd.o
                0x0000000020010b50                DrawProp
 COMMON         0x0000000020010b5c      0x334 Core/Src/main.o
                0x0000000020010b5c                defaultTaskHandle
                0x0000000020010b60                hspi2
                0x0000000020010bb8                hdma_memtomem_dma2_stream0
                0x0000000020010c18                htim4
                0x0000000020010c58                hi2c1
                0x0000000020010cac                hdma_spi3_tx
                0x0000000020010d0c                hdma_memtomem_dma2_stream1
                0x0000000020010d6c                myTask02Handle
                0x0000000020010d70                hrtc
                0x0000000020010d90                hspi1
                0x0000000020010de8                hdma_i2s3_ext_rx
                0x0000000020010e48                hi2s3
 COMMON         0x0000000020010e90       0x40 Core/Src/stm32f4xx_hal_timebase_tim.o
                0x0000000020010e90                htim1
 COMMON         0x0000000020010ed0       0x28 Core/Src/w25qxx/w25qxx.o
                0x0000000020010ed0                w25qxx
 COMMON         0x0000000020010ef8        0x4 Drivers/STM32F4xx_HAL_Driver/Src/stm32f4xx_hal.o
                0x0000000020010ef8                uwTick
                0x0000000020010efc                . = ALIGN (0x4)
                0x0000000020010efc                _ebss = .
                0x0000000020010efc                __bss_end__ = _ebss

._user_heap_stack
                0x0000000020010efc      0xa04 load address 0x000000000800e754
                0x0000000020010f00                . = ALIGN (0x8)
 *fill*         0x0000000020010efc        0x4 
                0x0000000020010f00                PROVIDE (end = .)
                [!provide]                        PROVIDE (_end = .)
                0x0000000020011100                . = (. + _Min_Heap_Size)
 *fill*         0x0000000020010f00      0x200 
                0x0000000020011900                . = (. + _Min_Stack_Size)
 *fill*         0x0000000020011100      0x800 
                0x0000000020011900                . = ALIGN (0x8)

/DISCARD/
 libc.a(*)
 libm.a(*)
 libgcc.a(*)

.ARM.attributes
                0x0000000000000000       0x30
 *(.ARM.attributes)
 .ARM.attributes
                0x0000000000000000       0x22 /Applications/STM32CubeIDE.app/Contents/Eclipse/plugins/com.st.stm32cube.ide.mcu.externaltools.gnu-tools-for-stm32.7-2018-q2-update.macos64_1.0.0.201904181610/tools/bin/../lib/gcc/arm-none-eabi/7.3.1/thumb/v7e-m/fpv4-sp/hard/crti.o
 .ARM.attributes
                0x0000000000000022       0x34 /Applications/STM32CubeIDE.app/Contents/Eclipse/plugins/com.st.stm32cube.ide.mcu.externaltools.gnu-tools-for-stm32.7-2018-q2-update.macos64_1.0.0.201904181610/tools/bin/../lib/gcc/arm-none-eabi/7.3.1/thumb/v7e-m/fpv4-sp/hard/crtbegin.o
 .ARM.attributes
                0x0000000000000056       0x39 Core/Src/App/audioproc.o
 .ARM.attributes
                0x000000000000008f       0x39 Core/Src/App/test.o
 .ARM.attributes
                0x00000000000000c8       0x39 Core/Src/App/wm8731.o
 .ARM.attributes
                0x0000000000000101       0x39 Core/Src/Lcd/Fonts/font24.o
 .ARM.attributes
                0x000000000000013a       0x39 Core/Src/Lcd/Fonts/font8.o
 .ARM.attributes
                0x0000000000000173       0x39 Core/Src/Lcd/lcd_io_spi.o
 .ARM.attributes
                0x00000000000001ac       0x39 Core/Src/Lcd/st7735.o
 .ARM.attributes
                0x00000000000001e5       0x39 Core/Src/Lcd/stm32_adafruit_lcd.o
 .ARM.attributes
                0x000000000000021e       0x39 Core/Src/freertos.o
 .ARM.attributes
                0x0000000000000257       0x39 Core/Src/main.o
 .ARM.attributes
                0x0000000000000290       0x39 Core/Src/stm32f4xx_hal_msp.o
 .ARM.attributes
                0x00000000000002c9       0x39 Core/Src/stm32f4xx_hal_timebase_tim.o
 .ARM.attributes
                0x0000000000000302       0x39 Core/Src/stm32f4xx_it.o
 .ARM.attributes
                0x000000000000033b       0x39 Core/Src/system_stm32f4xx.o
 .ARM.attributes
                0x0000000000000374       0x39 Core/Src/w25qxx/w25qxx.o
 .ARM.attributes
                0x00000000000003ad       0x21 Core/Startup/startup_stm32f411ceux.o
 .ARM.attributes
                0x00000000000003ce       0x39 Drivers/STM32F4xx_HAL_Driver/Src/stm32f4xx_hal.o
 .ARM.attributes
                0x0000000000000407       0x39 Drivers/STM32F4xx_HAL_Driver/Src/stm32f4xx_hal_cortex.o
 .ARM.attributes
                0x0000000000000440       0x39 Drivers/STM32F4xx_HAL_Driver/Src/stm32f4xx_hal_dma.o
 .ARM.attributes
                0x0000000000000479       0x39 Drivers/STM32F4xx_HAL_Driver/Src/stm32f4xx_hal_gpio.o
 .ARM.attributes
                0x00000000000004b2       0x39 Drivers/STM32F4xx_HAL_Driver/Src/stm32f4xx_hal_i2c.o
 .ARM.attributes
                0x00000000000004eb       0x39 Drivers/STM32F4xx_HAL_Driver/Src/stm32f4xx_hal_i2s.o
 .ARM.attributes
                0x0000000000000524       0x39 Drivers/STM32F4xx_HAL_Driver/Src/stm32f4xx_hal_i2s_ex.o
 .ARM.attributes
                0x000000000000055d       0x39 Drivers/STM32F4xx_HAL_Driver/Src/stm32f4xx_hal_rcc.o
 .ARM.attributes
                0x0000000000000596       0x39 Drivers/STM32F4xx_HAL_Driver/Src/stm32f4xx_hal_rcc_ex.o
 .ARM.attributes
                0x00000000000005cf       0x39 Drivers/STM32F4xx_HAL_Driver/Src/stm32f4xx_hal_rtc.o
 .ARM.attributes
                0x0000000000000608       0x39 Drivers/STM32F4xx_HAL_Driver/Src/stm32f4xx_hal_spi.o
 .ARM.attributes
                0x0000000000000641       0x39 Drivers/STM32F4xx_HAL_Driver/Src/stm32f4xx_hal_tim.o
 .ARM.attributes
                0x000000000000067a       0x39 Drivers/STM32F4xx_HAL_Driver/Src/stm32f4xx_hal_tim_ex.o
 .ARM.attributes
                0x00000000000006b3       0x39 Middlewares/Third_Party/FreeRTOS/Source/CMSIS_RTOS/cmsis_os.o
 .ARM.attributes
                0x00000000000006ec       0x39 Middlewares/Third_Party/FreeRTOS/Source/list.o
 .ARM.attributes
                0x0000000000000725       0x39 Middlewares/Third_Party/FreeRTOS/Source/tasks.o
 .ARM.attributes
                0x000000000000075e       0x39 Middlewares/Third_Party/FreeRTOS/Source/portable/GCC/ARM_CM4F/port.o
 .ARM.attributes
                0x0000000000000797       0x39 Middlewares/Third_Party/FreeRTOS/Source/portable/MemMang/heap_4.o
 .ARM.attributes
                0x00000000000007d0       0x39 ..//libarm_cortexM4lf_math.a(arm_const_structs.o)
 .ARM.attributes
                0x0000000000000809       0x39 ..//libarm_cortexM4lf_math.a(arm_common_tables.o)
 .ARM.attributes
                0x0000000000000842       0x39 ..//libarm_cortexM4lf_math.a(arm_copy_q15.o)
 .ARM.attributes
                0x000000000000087b       0x39 ..//libarm_cortexM4lf_math.a(arm_copy_q7.o)
 .ARM.attributes
                0x00000000000008b4       0x39 ..//libarm_cortexM4lf_math.a(arm_max_f32.o)
 .ARM.attributes
                0x00000000000008ed       0x39 ..//libarm_cortexM4lf_math.a(arm_cfft_f32.o)
 .ARM.attributes
                0x0000000000000926       0x39 ..//libarm_cortexM4lf_math.a(arm_cmplx_mag_f32.o)
 .ARM.attributes
                0x000000000000095f       0x25 ..//libarm_cortexM4lf_math.a(arm_bitreversal2.o)
 .ARM.attributes
                0x0000000000000984       0x39 ..//libarm_cortexM4lf_math.a(arm_cfft_radix8_f32.o)
 .ARM.attributes
                0x00000000000009bd       0x34 /Applications/STM32CubeIDE.app/Contents/Eclipse/plugins/com.st.stm32cube.ide.mcu.externaltools.gnu-tools-for-stm32.7-2018-q2-update.macos64_1.0.0.201904181610/tools/bin/../lib/gcc/arm-none-eabi/7.3.1/../../../../arm-none-eabi/lib/thumb/v7e-m/fpv4-sp/hard/libm.a(lib_a-wf_sqrt.o)
 .ARM.attributes
                0x00000000000009f1       0x34 /Applications/STM32CubeIDE.app/Contents/Eclipse/plugins/com.st.stm32cube.ide.mcu.externaltools.gnu-tools-for-stm32.7-2018-q2-update.macos64_1.0.0.201904181610/tools/bin/../lib/gcc/arm-none-eabi/7.3.1/../../../../arm-none-eabi/lib/thumb/v7e-m/fpv4-sp/hard/libm.a(lib_a-ef_sqrt.o)
 .ARM.attributes
                0x0000000000000a25       0x34 /Applications/STM32CubeIDE.app/Contents/Eclipse/plugins/com.st.stm32cube.ide.mcu.externaltools.gnu-tools-for-stm32.7-2018-q2-update.macos64_1.0.0.201904181610/tools/bin/../lib/gcc/arm-none-eabi/7.3.1/../../../../arm-none-eabi/lib/thumb/v7e-m/fpv4-sp/hard/libm.a(lib_a-s_lib_ver.o)
 .ARM.attributes
                0x0000000000000a59       0x34 /Applications/STM32CubeIDE.app/Contents/Eclipse/plugins/com.st.stm32cube.ide.mcu.externaltools.gnu-tools-for-stm32.7-2018-q2-update.macos64_1.0.0.201904181610/tools/bin/../lib/gcc/arm-none-eabi/7.3.1/../../../../arm-none-eabi/lib/thumb/v7e-m/fpv4-sp/hard/libm.a(lib_a-s_matherr.o)
 .ARM.attributes
                0x0000000000000a8d       0x34 /Applications/STM32CubeIDE.app/Contents/Eclipse/plugins/com.st.stm32cube.ide.mcu.externaltools.gnu-tools-for-stm32.7-2018-q2-update.macos64_1.0.0.201904181610/tools/bin/../lib/gcc/arm-none-eabi/7.3.1/../../../../arm-none-eabi/lib/thumb/v7e-m/fpv4-sp/hard/libc_nano.a(lib_a-errno.o)
 .ARM.attributes
                0x0000000000000ac1       0x34 /Applications/STM32CubeIDE.app/Contents/Eclipse/plugins/com.st.stm32cube.ide.mcu.externaltools.gnu-tools-for-stm32.7-2018-q2-update.macos64_1.0.0.201904181610/tools/bin/../lib/gcc/arm-none-eabi/7.3.1/../../../../arm-none-eabi/lib/thumb/v7e-m/fpv4-sp/hard/libc_nano.a(lib_a-impure.o)
 .ARM.attributes
                0x0000000000000af5       0x34 /Applications/STM32CubeIDE.app/Contents/Eclipse/plugins/com.st.stm32cube.ide.mcu.externaltools.gnu-tools-for-stm32.7-2018-q2-update.macos64_1.0.0.201904181610/tools/bin/../lib/gcc/arm-none-eabi/7.3.1/../../../../arm-none-eabi/lib/thumb/v7e-m/fpv4-sp/hard/libc_nano.a(lib_a-init.o)
 .ARM.attributes
                0x0000000000000b29       0x34 /Applications/STM32CubeIDE.app/Contents/Eclipse/plugins/com.st.stm32cube.ide.mcu.externaltools.gnu-tools-for-stm32.7-2018-q2-update.macos64_1.0.0.201904181610/tools/bin/../lib/gcc/arm-none-eabi/7.3.1/../../../../arm-none-eabi/lib/thumb/v7e-m/fpv4-sp/hard/libc_nano.a(lib_a-memset.o)
 .ARM.attributes
                0x0000000000000b5d       0x34 /Applications/STM32CubeIDE.app/Contents/Eclipse/plugins/com.st.stm32cube.ide.mcu.externaltools.gnu-tools-for-stm32.7-2018-q2-update.macos64_1.0.0.201904181610/tools/bin/../lib/gcc/arm-none-eabi/7.3.1/../../../../arm-none-eabi/lib/thumb/v7e-m/fpv4-sp/hard/libc_nano.a(lib_a-findfp.o)
 .ARM.attributes
                0x0000000000000b91       0x22 /Applications/STM32CubeIDE.app/Contents/Eclipse/plugins/com.st.stm32cube.ide.mcu.externaltools.gnu-tools-for-stm32.7-2018-q2-update.macos64_1.0.0.201904181610/tools/bin/../lib/gcc/arm-none-eabi/7.3.1/thumb/v7e-m/fpv4-sp/hard/libgcc.a(_arm_addsubdf3.o)
 .ARM.attributes
                0x0000000000000bb3       0x22 /Applications/STM32CubeIDE.app/Contents/Eclipse/plugins/com.st.stm32cube.ide.mcu.externaltools.gnu-tools-for-stm32.7-2018-q2-update.macos64_1.0.0.201904181610/tools/bin/../lib/gcc/arm-none-eabi/7.3.1/thumb/v7e-m/fpv4-sp/hard/libgcc.a(_arm_muldivdf3.o)
 .ARM.attributes
                0x0000000000000bd5       0x22 /Applications/STM32CubeIDE.app/Contents/Eclipse/plugins/com.st.stm32cube.ide.mcu.externaltools.gnu-tools-for-stm32.7-2018-q2-update.macos64_1.0.0.201904181610/tools/bin/../lib/gcc/arm-none-eabi/7.3.1/thumb/v7e-m/fpv4-sp/hard/libgcc.a(_arm_truncdfsf2.o)
 .ARM.attributes
                0x0000000000000bf7       0x22 /Applications/STM32CubeIDE.app/Contents/Eclipse/plugins/com.st.stm32cube.ide.mcu.externaltools.gnu-tools-for-stm32.7-2018-q2-update.macos64_1.0.0.201904181610/tools/bin/../lib/gcc/arm-none-eabi/7.3.1/thumb/v7e-m/fpv4-sp/hard/libgcc.a(_aeabi_uldivmod.o)
 .ARM.attributes
                0x0000000000000c19       0x34 /Applications/STM32CubeIDE.app/Contents/Eclipse/plugins/com.st.stm32cube.ide.mcu.externaltools.gnu-tools-for-stm32.7-2018-q2-update.macos64_1.0.0.201904181610/tools/bin/../lib/gcc/arm-none-eabi/7.3.1/thumb/v7e-m/fpv4-sp/hard/libgcc.a(_udivmoddi4.o)
 .ARM.attributes
                0x0000000000000c4d       0x22 /Applications/STM32CubeIDE.app/Contents/Eclipse/plugins/com.st.stm32cube.ide.mcu.externaltools.gnu-tools-for-stm32.7-2018-q2-update.macos64_1.0.0.201904181610/tools/bin/../lib/gcc/arm-none-eabi/7.3.1/thumb/v7e-m/fpv4-sp/hard/libgcc.a(_dvmd_tls.o)
 .ARM.attributes
                0x0000000000000c6f       0x22 /Applications/STM32CubeIDE.app/Contents/Eclipse/plugins/com.st.stm32cube.ide.mcu.externaltools.gnu-tools-for-stm32.7-2018-q2-update.macos64_1.0.0.201904181610/tools/bin/../lib/gcc/arm-none-eabi/7.3.1/thumb/v7e-m/fpv4-sp/hard/crtn.o
OUTPUT(BlackPill2.elf elf32-littlearm)

.debug_info     0x0000000000000000    0x22239
 .debug_info    0x0000000000000000      0xc4c Core/Src/App/audioproc.o
 .debug_info    0x0000000000000c4c     0x1527 Core/Src/App/test.o
 .debug_info    0x0000000000002173     0x1357 Core/Src/App/wm8731.o
 .debug_info    0x00000000000034ca      0x147 Core/Src/Lcd/Fonts/font24.o
 .debug_info    0x0000000000003611      0x147 Core/Src/Lcd/Fonts/font8.o
 .debug_info    0x0000000000003758     0x159a Core/Src/Lcd/lcd_io_spi.o
 .debug_info    0x0000000000004cf2      0xf72 Core/Src/Lcd/st7735.o
 .debug_info    0x0000000000005c64     0x11a3 Core/Src/Lcd/stm32_adafruit_lcd.o
 .debug_info    0x0000000000006e07      0x344 Core/Src/freertos.o
 .debug_info    0x000000000000714b     0x1cd1 Core/Src/main.o
 .debug_info    0x0000000000008e1c     0x17be Core/Src/stm32f4xx_hal_msp.o
 .debug_info    0x000000000000a5da      0xabf Core/Src/stm32f4xx_hal_timebase_tim.o
 .debug_info    0x000000000000b099      0x716 Core/Src/stm32f4xx_it.o
 .debug_info    0x000000000000b7af      0x57e Core/Src/system_stm32f4xx.o
 .debug_info    0x000000000000bd2d     0x100a Core/Src/w25qxx/w25qxx.o
 .debug_info    0x000000000000cd37       0x22 Core/Startup/startup_stm32f411ceux.o
 .debug_info    0x000000000000cd59      0x8d5 Drivers/STM32F4xx_HAL_Driver/Src/stm32f4xx_hal.o
 .debug_info    0x000000000000d62e      0xd98 Drivers/STM32F4xx_HAL_Driver/Src/stm32f4xx_hal_cortex.o
 .debug_info    0x000000000000e3c6      0x960 Drivers/STM32F4xx_HAL_Driver/Src/stm32f4xx_hal_dma.o
 .debug_info    0x000000000000ed26      0x7d7 Drivers/STM32F4xx_HAL_Driver/Src/stm32f4xx_hal_gpio.o
 .debug_info    0x000000000000f4fd     0x23ba Drivers/STM32F4xx_HAL_Driver/Src/stm32f4xx_hal_i2c.o
 .debug_info    0x00000000000118b7      0xe56 Drivers/STM32F4xx_HAL_Driver/Src/stm32f4xx_hal_i2s.o
 .debug_info    0x000000000001270d      0xb6e Drivers/STM32F4xx_HAL_Driver/Src/stm32f4xx_hal_i2s_ex.o
 .debug_info    0x000000000001327b      0x92a Drivers/STM32F4xx_HAL_Driver/Src/stm32f4xx_hal_rcc.o
 .debug_info    0x0000000000013ba5      0x618 Drivers/STM32F4xx_HAL_Driver/Src/stm32f4xx_hal_rcc_ex.o
 .debug_info    0x00000000000141bd      0xbb3 Drivers/STM32F4xx_HAL_Driver/Src/stm32f4xx_hal_rtc.o
 .debug_info    0x0000000000014d70     0x1632 Drivers/STM32F4xx_HAL_Driver/Src/stm32f4xx_hal_spi.o
 .debug_info    0x00000000000163a2     0x24a1 Drivers/STM32F4xx_HAL_Driver/Src/stm32f4xx_hal_tim.o
 .debug_info    0x0000000000018843     0x114f Drivers/STM32F4xx_HAL_Driver/Src/stm32f4xx_hal_tim_ex.o
 .debug_info    0x0000000000019992     0x1e6b Middlewares/Third_Party/FreeRTOS/Source/CMSIS_RTOS/cmsis_os.o
 .debug_info    0x000000000001b7fd      0xacb Middlewares/Third_Party/FreeRTOS/Source/list.o
 .debug_info    0x000000000001c2c8     0x2494 Middlewares/Third_Party/FreeRTOS/Source/tasks.o
 .debug_info    0x000000000001e75c      0x533 Middlewares/Third_Party/FreeRTOS/Source/portable/GCC/ARM_CM4F/port.o