main.c:94:5:main	72	static
main.c:179:6:SystemClock_Config	112	static
main.c:233:13:MX_I2C1_Init	8	static
main.c:267:13:MX_I2S3_Init	8	static
main.c:301:13:MX_RTC_Init	8	static
main.c:335:13:MX_SPI1_Init	8	static
main.c:373:13:MX_SPI2_Init	8	static
main.c:411:13:MX_TIM4_Init	56	static
main.c:461:13:MX_DMA_Init	16	static
main.c:524:13:MX_GPIO_Init	48	static
main.c:557:6:StartDefaultTask	16	static
main.c:576:6:StartTask02	16	static
main.c:596:6:HAL_TIM_PeriodElapsedCallback	16	static
main.c:613:6:Error_Handler	4	static
